[2026-02-23T08:55:40.052+0000] {processor.py:161} INFO - Started process (PID=160) to work on /opt/airflow/dags/daily_analytics_dag.py
[2026-02-23T08:55:40.054+0000] {processor.py:830} INFO - Processing file /opt/airflow/dags/daily_analytics_dag.py for tasks to queue
[2026-02-23T08:55:40.133+0000] {logging_mixin.py:188} INFO - [2026-02-23T08:55:40.129+0000] {dagbag.py:545} INFO - Filling up the DagBag from /opt/airflow/dags/daily_analytics_dag.py
[2026-02-23T08:55:40.361+0000] {processor.py:840} INFO - DAG(s) 'support_daily_analytics' retrieved from /opt/airflow/dags/daily_analytics_dag.py
[2026-02-23T08:55:41.472+0000] {logging_mixin.py:188} INFO - [2026-02-23T08:55:41.470+0000] {override.py:1858} INFO - Created Permission View: can delete on DAG:support_daily_analytics
[2026-02-23T08:55:41.499+0000] {logging_mixin.py:188} INFO - [2026-02-23T08:55:41.498+0000] {override.py:1858} INFO - Created Permission View: can edit on DAG:support_daily_analytics
[2026-02-23T08:55:41.509+0000] {logging_mixin.py:188} INFO - [2026-02-23T08:55:41.509+0000] {override.py:1858} INFO - Created Permission View: can read on DAG:support_daily_analytics
[2026-02-23T08:55:41.510+0000] {logging_mixin.py:188} INFO - [2026-02-23T08:55:41.510+0000] {dag.py:3089} INFO - Sync 1 DAGs
[2026-02-23T08:55:41.525+0000] {logging_mixin.py:188} INFO - [2026-02-23T08:55:41.525+0000] {dag.py:3111} INFO - Creating ORM DAG for support_daily_analytics
[2026-02-23T08:55:41.551+0000] {logging_mixin.py:188} INFO - [2026-02-23T08:55:41.551+0000] {dag.py:3947} INFO - Setting next_dagrun for support_daily_analytics to 2026-02-22 00:00:00+00:00, run_after=2026-02-23 00:00:00+00:00
[2026-02-23T08:55:41.593+0000] {processor.py:183} INFO - Processing /opt/airflow/dags/daily_analytics_dag.py took 1.549 seconds
[2026-02-23T08:56:12.324+0000] {processor.py:161} INFO - Started process (PID=165) to work on /opt/airflow/dags/daily_analytics_dag.py
[2026-02-23T08:56:12.327+0000] {processor.py:830} INFO - Processing file /opt/airflow/dags/daily_analytics_dag.py for tasks to queue
[2026-02-23T08:56:12.343+0000] {logging_mixin.py:188} INFO - [2026-02-23T08:56:12.339+0000] {dagbag.py:545} INFO - Filling up the DagBag from /opt/airflow/dags/daily_analytics_dag.py
[2026-02-23T08:56:12.520+0000] {processor.py:840} INFO - DAG(s) 'support_daily_analytics' retrieved from /opt/airflow/dags/daily_analytics_dag.py
[2026-02-23T08:56:13.202+0000] {logging_mixin.py:188} INFO - [2026-02-23T08:56:13.201+0000] {dag.py:3089} INFO - Sync 1 DAGs
[2026-02-23T08:56:13.276+0000] {logging_mixin.py:188} INFO - [2026-02-23T08:56:13.276+0000] {dag.py:3947} INFO - Setting next_dagrun for support_daily_analytics to 2026-02-22 00:00:00+00:00, run_after=2026-02-23 00:00:00+00:00
[2026-02-23T08:56:13.579+0000] {processor.py:183} INFO - Processing /opt/airflow/dags/daily_analytics_dag.py took 1.288 seconds
[2026-02-23T08:56:44.074+0000] {processor.py:161} INFO - Started process (PID=170) to work on /opt/airflow/dags/daily_analytics_dag.py
[2026-02-23T08:56:44.082+0000] {processor.py:830} INFO - Processing file /opt/airflow/dags/daily_analytics_dag.py for tasks to queue
[2026-02-23T08:56:44.098+0000] {logging_mixin.py:188} INFO - [2026-02-23T08:56:44.095+0000] {dagbag.py:545} INFO - Filling up the DagBag from /opt/airflow/dags/daily_analytics_dag.py
[2026-02-23T08:56:44.191+0000] {processor.py:840} INFO - DAG(s) 'support_daily_analytics' retrieved from /opt/airflow/dags/daily_analytics_dag.py
[2026-02-23T08:56:46.006+0000] {logging_mixin.py:188} INFO - [2026-02-23T08:56:46.005+0000] {dag.py:3089} INFO - Sync 1 DAGs
[2026-02-23T08:56:46.144+0000] {logging_mixin.py:188} INFO - [2026-02-23T08:56:46.144+0000] {dag.py:3947} INFO - Setting next_dagrun for support_daily_analytics to 2026-02-22 00:00:00+00:00, run_after=2026-02-23 00:00:00+00:00
[2026-02-23T08:56:46.173+0000] {processor.py:183} INFO - Processing /opt/airflow/dags/daily_analytics_dag.py took 2.133 seconds
[2026-02-23T08:57:16.439+0000] {processor.py:161} INFO - Started process (PID=175) to work on /opt/airflow/dags/daily_analytics_dag.py
[2026-02-23T08:57:16.450+0000] {processor.py:830} INFO - Processing file /opt/airflow/dags/daily_analytics_dag.py for tasks to queue
[2026-02-23T08:57:16.453+0000] {logging_mixin.py:188} INFO - [2026-02-23T08:57:16.453+0000] {dagbag.py:545} INFO - Filling up the DagBag from /opt/airflow/dags/daily_analytics_dag.py
[2026-02-23T08:57:16.499+0000] {processor.py:840} INFO - DAG(s) 'support_daily_analytics' retrieved from /opt/airflow/dags/daily_analytics_dag.py
[2026-02-23T08:57:16.587+0000] {logging_mixin.py:188} INFO - [2026-02-23T08:57:16.586+0000] {dag.py:3089} INFO - Sync 1 DAGs
[2026-02-23T08:57:16.868+0000] {logging_mixin.py:188} INFO - [2026-02-23T08:57:16.867+0000] {dag.py:3947} INFO - Setting next_dagrun for support_daily_analytics to 2026-02-22 00:00:00+00:00, run_after=2026-02-23 00:00:00+00:00
[2026-02-23T08:57:16.882+0000] {processor.py:183} INFO - Processing /opt/airflow/dags/daily_analytics_dag.py took 0.467 seconds
[2026-02-23T08:57:47.189+0000] {processor.py:161} INFO - Started process (PID=180) to work on /opt/airflow/dags/daily_analytics_dag.py
[2026-02-23T08:57:47.190+0000] {processor.py:830} INFO - Processing file /opt/airflow/dags/daily_analytics_dag.py for tasks to queue
[2026-02-23T08:57:47.194+0000] {logging_mixin.py:188} INFO - [2026-02-23T08:57:47.194+0000] {dagbag.py:545} INFO - Filling up the DagBag from /opt/airflow/dags/daily_analytics_dag.py
[2026-02-23T08:57:47.208+0000] {processor.py:840} INFO - DAG(s) 'support_daily_analytics' retrieved from /opt/airflow/dags/daily_analytics_dag.py
[2026-02-23T08:57:47.239+0000] {logging_mixin.py:188} INFO - [2026-02-23T08:57:47.239+0000] {dag.py:3089} INFO - Sync 1 DAGs
[2026-02-23T08:57:47.267+0000] {logging_mixin.py:188} INFO - [2026-02-23T08:57:47.267+0000] {dag.py:3947} INFO - Setting next_dagrun for support_daily_analytics to 2026-02-22 00:00:00+00:00, run_after=2026-02-23 00:00:00+00:00
[2026-02-23T08:57:47.279+0000] {processor.py:183} INFO - Processing /opt/airflow/dags/daily_analytics_dag.py took 0.100 seconds
[2026-02-23T08:58:17.442+0000] {processor.py:161} INFO - Started process (PID=185) to work on /opt/airflow/dags/daily_analytics_dag.py
[2026-02-23T08:58:17.443+0000] {processor.py:830} INFO - Processing file /opt/airflow/dags/daily_analytics_dag.py for tasks to queue
[2026-02-23T08:58:17.447+0000] {logging_mixin.py:188} INFO - [2026-02-23T08:58:17.446+0000] {dagbag.py:545} INFO - Filling up the DagBag from /opt/airflow/dags/daily_analytics_dag.py
[2026-02-23T08:58:17.463+0000] {processor.py:840} INFO - DAG(s) 'support_daily_analytics' retrieved from /opt/airflow/dags/daily_analytics_dag.py
[2026-02-23T08:58:17.491+0000] {logging_mixin.py:188} INFO - [2026-02-23T08:58:17.490+0000] {dag.py:3089} INFO - Sync 1 DAGs
[2026-02-23T08:58:17.504+0000] {logging_mixin.py:188} INFO - [2026-02-23T08:58:17.504+0000] {dag.py:3947} INFO - Setting next_dagrun for support_daily_analytics to 2026-02-22 00:00:00+00:00, run_after=2026-02-23 00:00:00+00:00
[2026-02-23T08:58:17.512+0000] {processor.py:183} INFO - Processing /opt/airflow/dags/daily_analytics_dag.py took 0.080 seconds
[2026-02-23T08:58:47.874+0000] {processor.py:161} INFO - Started process (PID=190) to work on /opt/airflow/dags/daily_analytics_dag.py
[2026-02-23T08:58:47.875+0000] {processor.py:830} INFO - Processing file /opt/airflow/dags/daily_analytics_dag.py for tasks to queue
[2026-02-23T08:58:47.888+0000] {logging_mixin.py:188} INFO - [2026-02-23T08:58:47.887+0000] {dagbag.py:545} INFO - Filling up the DagBag from /opt/airflow/dags/daily_analytics_dag.py
[2026-02-23T08:58:47.917+0000] {processor.py:840} INFO - DAG(s) 'support_daily_analytics' retrieved from /opt/airflow/dags/daily_analytics_dag.py
[2026-02-23T08:58:47.956+0000] {logging_mixin.py:188} INFO - [2026-02-23T08:58:47.956+0000] {dag.py:3089} INFO - Sync 1 DAGs
[2026-02-23T08:58:47.973+0000] {logging_mixin.py:188} INFO - [2026-02-23T08:58:47.973+0000] {dag.py:3947} INFO - Setting next_dagrun for support_daily_analytics to 2026-02-22 00:00:00+00:00, run_after=2026-02-23 00:00:00+00:00
[2026-02-23T08:58:47.982+0000] {processor.py:183} INFO - Processing /opt/airflow/dags/daily_analytics_dag.py took 0.128 seconds
[2026-02-23T08:59:18.187+0000] {processor.py:161} INFO - Started process (PID=195) to work on /opt/airflow/dags/daily_analytics_dag.py
[2026-02-23T08:59:18.189+0000] {processor.py:830} INFO - Processing file /opt/airflow/dags/daily_analytics_dag.py for tasks to queue
[2026-02-23T08:59:18.193+0000] {logging_mixin.py:188} INFO - [2026-02-23T08:59:18.192+0000] {dagbag.py:545} INFO - Filling up the DagBag from /opt/airflow/dags/daily_analytics_dag.py
[2026-02-23T08:59:18.210+0000] {processor.py:840} INFO - DAG(s) 'support_daily_analytics' retrieved from /opt/airflow/dags/daily_analytics_dag.py
[2026-02-23T08:59:18.236+0000] {logging_mixin.py:188} INFO - [2026-02-23T08:59:18.236+0000] {dag.py:3089} INFO - Sync 1 DAGs
[2026-02-23T08:59:18.251+0000] {logging_mixin.py:188} INFO - [2026-02-23T08:59:18.251+0000] {dag.py:3947} INFO - Setting next_dagrun for support_daily_analytics to 2026-02-22 00:00:00+00:00, run_after=2026-02-23 00:00:00+00:00
[2026-02-23T08:59:18.259+0000] {processor.py:183} INFO - Processing /opt/airflow/dags/daily_analytics_dag.py took 0.084 seconds
[2026-02-23T08:59:48.568+0000] {processor.py:161} INFO - Started process (PID=200) to work on /opt/airflow/dags/daily_analytics_dag.py
[2026-02-23T08:59:48.569+0000] {processor.py:830} INFO - Processing file /opt/airflow/dags/daily_analytics_dag.py for tasks to queue
[2026-02-23T08:59:48.572+0000] {logging_mixin.py:188} INFO - [2026-02-23T08:59:48.572+0000] {dagbag.py:545} INFO - Filling up the DagBag from /opt/airflow/dags/daily_analytics_dag.py
[2026-02-23T08:59:48.590+0000] {processor.py:840} INFO - DAG(s) 'support_daily_analytics' retrieved from /opt/airflow/dags/daily_analytics_dag.py
[2026-02-23T08:59:48.626+0000] {logging_mixin.py:188} INFO - [2026-02-23T08:59:48.625+0000] {dag.py:3089} INFO - Sync 1 DAGs
[2026-02-23T08:59:48.642+0000] {logging_mixin.py:188} INFO - [2026-02-23T08:59:48.642+0000] {dag.py:3947} INFO - Setting next_dagrun for support_daily_analytics to 2026-02-22 00:00:00+00:00, run_after=2026-02-23 00:00:00+00:00
[2026-02-23T08:59:48.653+0000] {processor.py:183} INFO - Processing /opt/airflow/dags/daily_analytics_dag.py took 0.095 seconds
[2026-02-23T09:00:18.914+0000] {processor.py:161} INFO - Started process (PID=205) to work on /opt/airflow/dags/daily_analytics_dag.py
[2026-02-23T09:00:18.916+0000] {processor.py:830} INFO - Processing file /opt/airflow/dags/daily_analytics_dag.py for tasks to queue
[2026-02-23T09:00:18.919+0000] {logging_mixin.py:188} INFO - [2026-02-23T09:00:18.918+0000] {dagbag.py:545} INFO - Filling up the DagBag from /opt/airflow/dags/daily_analytics_dag.py
[2026-02-23T09:00:18.937+0000] {processor.py:840} INFO - DAG(s) 'support_daily_analytics' retrieved from /opt/airflow/dags/daily_analytics_dag.py
[2026-02-23T09:00:18.972+0000] {logging_mixin.py:188} INFO - [2026-02-23T09:00:18.972+0000] {dag.py:3089} INFO - Sync 1 DAGs
[2026-02-23T09:00:18.988+0000] {logging_mixin.py:188} INFO - [2026-02-23T09:00:18.988+0000] {dag.py:3947} INFO - Setting next_dagrun for support_daily_analytics to 2026-02-22 00:00:00+00:00, run_after=2026-02-23 00:00:00+00:00
[2026-02-23T09:00:19.001+0000] {processor.py:183} INFO - Processing /opt/airflow/dags/daily_analytics_dag.py took 0.102 seconds
[2026-02-23T09:00:49.285+0000] {processor.py:161} INFO - Started process (PID=210) to work on /opt/airflow/dags/daily_analytics_dag.py
[2026-02-23T09:00:49.287+0000] {processor.py:830} INFO - Processing file /opt/airflow/dags/daily_analytics_dag.py for tasks to queue
[2026-02-23T09:00:49.290+0000] {logging_mixin.py:188} INFO - [2026-02-23T09:00:49.289+0000] {dagbag.py:545} INFO - Filling up the DagBag from /opt/airflow/dags/daily_analytics_dag.py
[2026-02-23T09:00:49.305+0000] {processor.py:840} INFO - DAG(s) 'support_daily_analytics' retrieved from /opt/airflow/dags/daily_analytics_dag.py
[2026-02-23T09:00:49.332+0000] {logging_mixin.py:188} INFO - [2026-02-23T09:00:49.332+0000] {dag.py:3089} INFO - Sync 1 DAGs
[2026-02-23T09:00:49.344+0000] {logging_mixin.py:188} INFO - [2026-02-23T09:00:49.344+0000] {dag.py:3947} INFO - Setting next_dagrun for support_daily_analytics to 2026-02-22 00:00:00+00:00, run_after=2026-02-23 00:00:00+00:00
[2026-02-23T09:00:49.352+0000] {processor.py:183} INFO - Processing /opt/airflow/dags/daily_analytics_dag.py took 0.077 seconds
[2026-02-23T09:01:19.617+0000] {processor.py:161} INFO - Started process (PID=215) to work on /opt/airflow/dags/daily_analytics_dag.py
[2026-02-23T09:01:19.619+0000] {processor.py:830} INFO - Processing file /opt/airflow/dags/daily_analytics_dag.py for tasks to queue
[2026-02-23T09:01:19.621+0000] {logging_mixin.py:188} INFO - [2026-02-23T09:01:19.621+0000] {dagbag.py:545} INFO - Filling up the DagBag from /opt/airflow/dags/daily_analytics_dag.py
[2026-02-23T09:01:19.636+0000] {processor.py:840} INFO - DAG(s) 'support_daily_analytics' retrieved from /opt/airflow/dags/daily_analytics_dag.py
[2026-02-23T09:01:19.665+0000] {logging_mixin.py:188} INFO - [2026-02-23T09:01:19.665+0000] {dag.py:3089} INFO - Sync 1 DAGs
[2026-02-23T09:01:19.680+0000] {logging_mixin.py:188} INFO - [2026-02-23T09:01:19.680+0000] {dag.py:3947} INFO - Setting next_dagrun for support_daily_analytics to 2026-02-22 00:00:00+00:00, run_after=2026-02-23 00:00:00+00:00
[2026-02-23T09:01:19.690+0000] {processor.py:183} INFO - Processing /opt/airflow/dags/daily_analytics_dag.py took 0.081 seconds
[2026-02-23T09:01:49.913+0000] {processor.py:161} INFO - Started process (PID=220) to work on /opt/airflow/dags/daily_analytics_dag.py
[2026-02-23T09:01:49.914+0000] {processor.py:830} INFO - Processing file /opt/airflow/dags/daily_analytics_dag.py for tasks to queue
[2026-02-23T09:01:49.917+0000] {logging_mixin.py:188} INFO - [2026-02-23T09:01:49.917+0000] {dagbag.py:545} INFO - Filling up the DagBag from /opt/airflow/dags/daily_analytics_dag.py
[2026-02-23T09:01:49.935+0000] {processor.py:840} INFO - DAG(s) 'support_daily_analytics' retrieved from /opt/airflow/dags/daily_analytics_dag.py
[2026-02-23T09:01:49.978+0000] {logging_mixin.py:188} INFO - [2026-02-23T09:01:49.977+0000] {dag.py:3089} INFO - Sync 1 DAGs
[2026-02-23T09:01:50.001+0000] {logging_mixin.py:188} INFO - [2026-02-23T09:01:50.001+0000] {dag.py:3947} INFO - Setting next_dagrun for support_daily_analytics to 2026-02-22 00:00:00+00:00, run_after=2026-02-23 00:00:00+00:00
[2026-02-23T09:01:50.018+0000] {processor.py:183} INFO - Processing /opt/airflow/dags/daily_analytics_dag.py took 0.114 seconds
[2026-02-23T09:02:20.263+0000] {processor.py:161} INFO - Started process (PID=225) to work on /opt/airflow/dags/daily_analytics_dag.py
[2026-02-23T09:02:20.264+0000] {processor.py:830} INFO - Processing file /opt/airflow/dags/daily_analytics_dag.py for tasks to queue
[2026-02-23T09:02:20.268+0000] {logging_mixin.py:188} INFO - [2026-02-23T09:02:20.267+0000] {dagbag.py:545} INFO - Filling up the DagBag from /opt/airflow/dags/daily_analytics_dag.py
[2026-02-23T09:02:20.294+0000] {processor.py:840} INFO - DAG(s) 'support_daily_analytics' retrieved from /opt/airflow/dags/daily_analytics_dag.py
[2026-02-23T09:02:20.330+0000] {logging_mixin.py:188} INFO - [2026-02-23T09:02:20.330+0000] {dag.py:3089} INFO - Sync 1 DAGs
[2026-02-23T09:02:20.346+0000] {logging_mixin.py:188} INFO - [2026-02-23T09:02:20.346+0000] {dag.py:3947} INFO - Setting next_dagrun for support_daily_analytics to 2026-02-22 00:00:00+00:00, run_after=2026-02-23 00:00:00+00:00
[2026-02-23T09:02:20.363+0000] {processor.py:183} INFO - Processing /opt/airflow/dags/daily_analytics_dag.py took 0.116 seconds
[2026-02-23T09:02:50.620+0000] {processor.py:161} INFO - Started process (PID=230) to work on /opt/airflow/dags/daily_analytics_dag.py
[2026-02-23T09:02:50.621+0000] {processor.py:830} INFO - Processing file /opt/airflow/dags/daily_analytics_dag.py for tasks to queue
[2026-02-23T09:02:50.623+0000] {logging_mixin.py:188} INFO - [2026-02-23T09:02:50.623+0000] {dagbag.py:545} INFO - Filling up the DagBag from /opt/airflow/dags/daily_analytics_dag.py
[2026-02-23T09:02:50.638+0000] {processor.py:840} INFO - DAG(s) 'support_daily_analytics' retrieved from /opt/airflow/dags/daily_analytics_dag.py
[2026-02-23T09:02:50.666+0000] {logging_mixin.py:188} INFO - [2026-02-23T09:02:50.666+0000] {dag.py:3089} INFO - Sync 1 DAGs
[2026-02-23T09:02:50.680+0000] {logging_mixin.py:188} INFO - [2026-02-23T09:02:50.680+0000] {dag.py:3947} INFO - Setting next_dagrun for support_daily_analytics to 2026-02-22 00:00:00+00:00, run_after=2026-02-23 00:00:00+00:00
[2026-02-23T09:02:50.688+0000] {processor.py:183} INFO - Processing /opt/airflow/dags/daily_analytics_dag.py took 0.080 seconds
[2026-02-23T09:03:20.953+0000] {processor.py:161} INFO - Started process (PID=235) to work on /opt/airflow/dags/daily_analytics_dag.py
[2026-02-23T09:03:20.954+0000] {processor.py:830} INFO - Processing file /opt/airflow/dags/daily_analytics_dag.py for tasks to queue
[2026-02-23T09:03:20.959+0000] {logging_mixin.py:188} INFO - [2026-02-23T09:03:20.958+0000] {dagbag.py:545} INFO - Filling up the DagBag from /opt/airflow/dags/daily_analytics_dag.py
[2026-02-23T09:03:20.974+0000] {processor.py:840} INFO - DAG(s) 'support_daily_analytics' retrieved from /opt/airflow/dags/daily_analytics_dag.py
[2026-02-23T09:03:21.000+0000] {logging_mixin.py:188} INFO - [2026-02-23T09:03:21.000+0000] {dag.py:3089} INFO - Sync 1 DAGs
[2026-02-23T09:03:21.013+0000] {logging_mixin.py:188} INFO - [2026-02-23T09:03:21.013+0000] {dag.py:3947} INFO - Setting next_dagrun for support_daily_analytics to 2026-02-22 00:00:00+00:00, run_after=2026-02-23 00:00:00+00:00
[2026-02-23T09:03:21.021+0000] {processor.py:183} INFO - Processing /opt/airflow/dags/daily_analytics_dag.py took 0.081 seconds
[2026-02-23T09:03:51.317+0000] {processor.py:161} INFO - Started process (PID=240) to work on /opt/airflow/dags/daily_analytics_dag.py
[2026-02-23T09:03:51.320+0000] {processor.py:830} INFO - Processing file /opt/airflow/dags/daily_analytics_dag.py for tasks to queue
[2026-02-23T09:03:51.322+0000] {logging_mixin.py:188} INFO - [2026-02-23T09:03:51.322+0000] {dagbag.py:545} INFO - Filling up the DagBag from /opt/airflow/dags/daily_analytics_dag.py
[2026-02-23T09:03:51.346+0000] {processor.py:840} INFO - DAG(s) 'support_daily_analytics' retrieved from /opt/airflow/dags/daily_analytics_dag.py
[2026-02-23T09:03:51.388+0000] {logging_mixin.py:188} INFO - [2026-02-23T09:03:51.388+0000] {dag.py:3089} INFO - Sync 1 DAGs
[2026-02-23T09:03:51.407+0000] {logging_mixin.py:188} INFO - [2026-02-23T09:03:51.407+0000] {dag.py:3947} INFO - Setting next_dagrun for support_daily_analytics to 2026-02-22 00:00:00+00:00, run_after=2026-02-23 00:00:00+00:00
[2026-02-23T09:03:51.419+0000] {processor.py:183} INFO - Processing /opt/airflow/dags/daily_analytics_dag.py took 0.108 seconds
[2026-02-23T09:04:21.688+0000] {processor.py:161} INFO - Started process (PID=245) to work on /opt/airflow/dags/daily_analytics_dag.py
[2026-02-23T09:04:21.689+0000] {processor.py:830} INFO - Processing file /opt/airflow/dags/daily_analytics_dag.py for tasks to queue
[2026-02-23T09:04:21.692+0000] {logging_mixin.py:188} INFO - [2026-02-23T09:04:21.691+0000] {dagbag.py:545} INFO - Filling up the DagBag from /opt/airflow/dags/daily_analytics_dag.py
[2026-02-23T09:04:21.705+0000] {processor.py:840} INFO - DAG(s) 'support_daily_analytics' retrieved from /opt/airflow/dags/daily_analytics_dag.py
[2026-02-23T09:04:21.733+0000] {logging_mixin.py:188} INFO - [2026-02-23T09:04:21.733+0000] {dag.py:3089} INFO - Sync 1 DAGs
[2026-02-23T09:04:21.747+0000] {logging_mixin.py:188} INFO - [2026-02-23T09:04:21.747+0000] {dag.py:3947} INFO - Setting next_dagrun for support_daily_analytics to 2026-02-22 00:00:00+00:00, run_after=2026-02-23 00:00:00+00:00
[2026-02-23T09:04:21.755+0000] {processor.py:183} INFO - Processing /opt/airflow/dags/daily_analytics_dag.py took 0.075 seconds
[2026-02-23T09:04:52.023+0000] {processor.py:161} INFO - Started process (PID=250) to work on /opt/airflow/dags/daily_analytics_dag.py
[2026-02-23T09:04:52.024+0000] {processor.py:830} INFO - Processing file /opt/airflow/dags/daily_analytics_dag.py for tasks to queue
[2026-02-23T09:04:52.027+0000] {logging_mixin.py:188} INFO - [2026-02-23T09:04:52.027+0000] {dagbag.py:545} INFO - Filling up the DagBag from /opt/airflow/dags/daily_analytics_dag.py
[2026-02-23T09:04:52.046+0000] {processor.py:840} INFO - DAG(s) 'support_daily_analytics' retrieved from /opt/airflow/dags/daily_analytics_dag.py
[2026-02-23T09:04:52.076+0000] {logging_mixin.py:188} INFO - [2026-02-23T09:04:52.076+0000] {dag.py:3089} INFO - Sync 1 DAGs
[2026-02-23T09:04:52.092+0000] {logging_mixin.py:188} INFO - [2026-02-23T09:04:52.092+0000] {dag.py:3947} INFO - Setting next_dagrun for support_daily_analytics to 2026-02-22 00:00:00+00:00, run_after=2026-02-23 00:00:00+00:00
[2026-02-23T09:04:52.101+0000] {processor.py:183} INFO - Processing /opt/airflow/dags/daily_analytics_dag.py took 0.085 seconds
[2026-02-23T09:05:22.392+0000] {processor.py:161} INFO - Started process (PID=255) to work on /opt/airflow/dags/daily_analytics_dag.py
[2026-02-23T09:05:22.394+0000] {processor.py:830} INFO - Processing file /opt/airflow/dags/daily_analytics_dag.py for tasks to queue
[2026-02-23T09:05:22.396+0000] {logging_mixin.py:188} INFO - [2026-02-23T09:05:22.396+0000] {dagbag.py:545} INFO - Filling up the DagBag from /opt/airflow/dags/daily_analytics_dag.py
[2026-02-23T09:05:22.410+0000] {processor.py:840} INFO - DAG(s) 'support_daily_analytics' retrieved from /opt/airflow/dags/daily_analytics_dag.py
[2026-02-23T09:05:22.445+0000] {logging_mixin.py:188} INFO - [2026-02-23T09:05:22.444+0000] {dag.py:3089} INFO - Sync 1 DAGs
[2026-02-23T09:05:22.467+0000] {logging_mixin.py:188} INFO - [2026-02-23T09:05:22.467+0000] {dag.py:3947} INFO - Setting next_dagrun for support_daily_analytics to 2026-02-22 00:00:00+00:00, run_after=2026-02-23 00:00:00+00:00
[2026-02-23T09:05:22.475+0000] {processor.py:183} INFO - Processing /opt/airflow/dags/daily_analytics_dag.py took 0.099 seconds
[2026-02-23T09:05:52.765+0000] {processor.py:161} INFO - Started process (PID=260) to work on /opt/airflow/dags/daily_analytics_dag.py
[2026-02-23T09:05:52.770+0000] {processor.py:830} INFO - Processing file /opt/airflow/dags/daily_analytics_dag.py for tasks to queue
[2026-02-23T09:05:52.775+0000] {logging_mixin.py:188} INFO - [2026-02-23T09:05:52.773+0000] {dagbag.py:545} INFO - Filling up the DagBag from /opt/airflow/dags/daily_analytics_dag.py
[2026-02-23T09:05:52.793+0000] {processor.py:840} INFO - DAG(s) 'support_daily_analytics' retrieved from /opt/airflow/dags/daily_analytics_dag.py
[2026-02-23T09:05:52.830+0000] {logging_mixin.py:188} INFO - [2026-02-23T09:05:52.829+0000] {dag.py:3089} INFO - Sync 1 DAGs
[2026-02-23T09:05:52.843+0000] {logging_mixin.py:188} INFO - [2026-02-23T09:05:52.842+0000] {dag.py:3947} INFO - Setting next_dagrun for support_daily_analytics to 2026-02-22 00:00:00+00:00, run_after=2026-02-23 00:00:00+00:00
[2026-02-23T09:05:52.854+0000] {processor.py:183} INFO - Processing /opt/airflow/dags/daily_analytics_dag.py took 0.103 seconds
[2026-02-23T09:06:23.092+0000] {processor.py:161} INFO - Started process (PID=265) to work on /opt/airflow/dags/daily_analytics_dag.py
[2026-02-23T09:06:23.096+0000] {processor.py:830} INFO - Processing file /opt/airflow/dags/daily_analytics_dag.py for tasks to queue
[2026-02-23T09:06:23.104+0000] {logging_mixin.py:188} INFO - [2026-02-23T09:06:23.103+0000] {dagbag.py:545} INFO - Filling up the DagBag from /opt/airflow/dags/daily_analytics_dag.py
[2026-02-23T09:06:23.120+0000] {processor.py:840} INFO - DAG(s) 'support_daily_analytics' retrieved from /opt/airflow/dags/daily_analytics_dag.py
[2026-02-23T09:06:23.157+0000] {logging_mixin.py:188} INFO - [2026-02-23T09:06:23.157+0000] {dag.py:3089} INFO - Sync 1 DAGs
[2026-02-23T09:06:23.171+0000] {logging_mixin.py:188} INFO - [2026-02-23T09:06:23.171+0000] {dag.py:3947} INFO - Setting next_dagrun for support_daily_analytics to 2026-02-22 00:00:00+00:00, run_after=2026-02-23 00:00:00+00:00
[2026-02-23T09:06:23.187+0000] {processor.py:183} INFO - Processing /opt/airflow/dags/daily_analytics_dag.py took 0.103 seconds
[2026-02-23T09:06:53.411+0000] {processor.py:161} INFO - Started process (PID=270) to work on /opt/airflow/dags/daily_analytics_dag.py
[2026-02-23T09:06:53.412+0000] {processor.py:830} INFO - Processing file /opt/airflow/dags/daily_analytics_dag.py for tasks to queue
[2026-02-23T09:06:53.415+0000] {logging_mixin.py:188} INFO - [2026-02-23T09:06:53.414+0000] {dagbag.py:545} INFO - Filling up the DagBag from /opt/airflow/dags/daily_analytics_dag.py
[2026-02-23T09:06:53.430+0000] {processor.py:840} INFO - DAG(s) 'support_daily_analytics' retrieved from /opt/airflow/dags/daily_analytics_dag.py
[2026-02-23T09:06:53.469+0000] {logging_mixin.py:188} INFO - [2026-02-23T09:06:53.469+0000] {dag.py:3089} INFO - Sync 1 DAGs
[2026-02-23T09:06:53.488+0000] {logging_mixin.py:188} INFO - [2026-02-23T09:06:53.488+0000] {dag.py:3947} INFO - Setting next_dagrun for support_daily_analytics to 2026-02-22 00:00:00+00:00, run_after=2026-02-23 00:00:00+00:00
[2026-02-23T09:06:53.497+0000] {processor.py:183} INFO - Processing /opt/airflow/dags/daily_analytics_dag.py took 0.101 seconds
[2026-02-23T09:07:23.705+0000] {processor.py:161} INFO - Started process (PID=275) to work on /opt/airflow/dags/daily_analytics_dag.py
[2026-02-23T09:07:23.706+0000] {processor.py:830} INFO - Processing file /opt/airflow/dags/daily_analytics_dag.py for tasks to queue
[2026-02-23T09:07:23.710+0000] {logging_mixin.py:188} INFO - [2026-02-23T09:07:23.709+0000] {dagbag.py:545} INFO - Filling up the DagBag from /opt/airflow/dags/daily_analytics_dag.py
[2026-02-23T09:07:23.741+0000] {processor.py:840} INFO - DAG(s) 'support_daily_analytics' retrieved from /opt/airflow/dags/daily_analytics_dag.py
[2026-02-23T09:07:23.793+0000] {logging_mixin.py:188} INFO - [2026-02-23T09:07:23.793+0000] {dag.py:3089} INFO - Sync 1 DAGs
[2026-02-23T09:07:23.818+0000] {logging_mixin.py:188} INFO - [2026-02-23T09:07:23.818+0000] {dag.py:3947} INFO - Setting next_dagrun for support_daily_analytics to 2026-02-22 00:00:00+00:00, run_after=2026-02-23 00:00:00+00:00
[2026-02-23T09:07:23.830+0000] {processor.py:183} INFO - Processing /opt/airflow/dags/daily_analytics_dag.py took 0.136 seconds
[2026-02-23T09:07:54.029+0000] {processor.py:161} INFO - Started process (PID=280) to work on /opt/airflow/dags/daily_analytics_dag.py
[2026-02-23T09:07:54.031+0000] {processor.py:830} INFO - Processing file /opt/airflow/dags/daily_analytics_dag.py for tasks to queue
[2026-02-23T09:07:54.033+0000] {logging_mixin.py:188} INFO - [2026-02-23T09:07:54.033+0000] {dagbag.py:545} INFO - Filling up the DagBag from /opt/airflow/dags/daily_analytics_dag.py
[2026-02-23T09:07:54.047+0000] {processor.py:840} INFO - DAG(s) 'support_daily_analytics' retrieved from /opt/airflow/dags/daily_analytics_dag.py
[2026-02-23T09:07:54.076+0000] {logging_mixin.py:188} INFO - [2026-02-23T09:07:54.076+0000] {dag.py:3089} INFO - Sync 1 DAGs
[2026-02-23T09:07:54.100+0000] {logging_mixin.py:188} INFO - [2026-02-23T09:07:54.100+0000] {dag.py:3947} INFO - Setting next_dagrun for support_daily_analytics to 2026-02-22 00:00:00+00:00, run_after=2026-02-23 00:00:00+00:00
[2026-02-23T09:07:54.111+0000] {processor.py:183} INFO - Processing /opt/airflow/dags/daily_analytics_dag.py took 0.090 seconds
[2026-02-23T09:08:24.293+0000] {processor.py:161} INFO - Started process (PID=285) to work on /opt/airflow/dags/daily_analytics_dag.py
[2026-02-23T09:08:24.294+0000] {processor.py:830} INFO - Processing file /opt/airflow/dags/daily_analytics_dag.py for tasks to queue
[2026-02-23T09:08:24.296+0000] {logging_mixin.py:188} INFO - [2026-02-23T09:08:24.295+0000] {dagbag.py:545} INFO - Filling up the DagBag from /opt/airflow/dags/daily_analytics_dag.py
[2026-02-23T09:08:24.309+0000] {processor.py:840} INFO - DAG(s) 'support_daily_analytics' retrieved from /opt/airflow/dags/daily_analytics_dag.py
[2026-02-23T09:08:24.336+0000] {logging_mixin.py:188} INFO - [2026-02-23T09:08:24.336+0000] {dag.py:3089} INFO - Sync 1 DAGs
[2026-02-23T09:08:24.351+0000] {logging_mixin.py:188} INFO - [2026-02-23T09:08:24.351+0000] {dag.py:3947} INFO - Setting next_dagrun for support_daily_analytics to 2026-02-22 00:00:00+00:00, run_after=2026-02-23 00:00:00+00:00
[2026-02-23T09:08:24.362+0000] {processor.py:183} INFO - Processing /opt/airflow/dags/daily_analytics_dag.py took 0.076 seconds
[2026-02-23T09:08:54.623+0000] {processor.py:161} INFO - Started process (PID=290) to work on /opt/airflow/dags/daily_analytics_dag.py
[2026-02-23T09:08:54.625+0000] {processor.py:830} INFO - Processing file /opt/airflow/dags/daily_analytics_dag.py for tasks to queue
[2026-02-23T09:08:54.628+0000] {logging_mixin.py:188} INFO - [2026-02-23T09:08:54.627+0000] {dagbag.py:545} INFO - Filling up the DagBag from /opt/airflow/dags/daily_analytics_dag.py
[2026-02-23T09:08:54.648+0000] {processor.py:840} INFO - DAG(s) 'support_daily_analytics' retrieved from /opt/airflow/dags/daily_analytics_dag.py
[2026-02-23T09:08:54.691+0000] {logging_mixin.py:188} INFO - [2026-02-23T09:08:54.690+0000] {dag.py:3089} INFO - Sync 1 DAGs
[2026-02-23T09:08:54.710+0000] {logging_mixin.py:188} INFO - [2026-02-23T09:08:54.710+0000] {dag.py:3947} INFO - Setting next_dagrun for support_daily_analytics to 2026-02-22 00:00:00+00:00, run_after=2026-02-23 00:00:00+00:00
[2026-02-23T09:08:54.722+0000] {processor.py:183} INFO - Processing /opt/airflow/dags/daily_analytics_dag.py took 0.115 seconds
[2026-02-23T09:09:24.904+0000] {processor.py:161} INFO - Started process (PID=295) to work on /opt/airflow/dags/daily_analytics_dag.py
[2026-02-23T09:09:24.905+0000] {processor.py:830} INFO - Processing file /opt/airflow/dags/daily_analytics_dag.py for tasks to queue
[2026-02-23T09:09:24.908+0000] {logging_mixin.py:188} INFO - [2026-02-23T09:09:24.907+0000] {dagbag.py:545} INFO - Filling up the DagBag from /opt/airflow/dags/daily_analytics_dag.py
[2026-02-23T09:09:24.923+0000] {processor.py:840} INFO - DAG(s) 'support_daily_analytics' retrieved from /opt/airflow/dags/daily_analytics_dag.py
[2026-02-23T09:09:24.953+0000] {logging_mixin.py:188} INFO - [2026-02-23T09:09:24.952+0000] {dag.py:3089} INFO - Sync 1 DAGs
[2026-02-23T09:09:24.967+0000] {logging_mixin.py:188} INFO - [2026-02-23T09:09:24.967+0000] {dag.py:3947} INFO - Setting next_dagrun for support_daily_analytics to 2026-02-22 00:00:00+00:00, run_after=2026-02-23 00:00:00+00:00
[2026-02-23T09:09:24.977+0000] {processor.py:183} INFO - Processing /opt/airflow/dags/daily_analytics_dag.py took 0.081 seconds
[2026-02-23T09:09:55.279+0000] {processor.py:161} INFO - Started process (PID=300) to work on /opt/airflow/dags/daily_analytics_dag.py
[2026-02-23T09:09:55.282+0000] {processor.py:830} INFO - Processing file /opt/airflow/dags/daily_analytics_dag.py for tasks to queue
[2026-02-23T09:09:55.286+0000] {logging_mixin.py:188} INFO - [2026-02-23T09:09:55.285+0000] {dagbag.py:545} INFO - Filling up the DagBag from /opt/airflow/dags/daily_analytics_dag.py
[2026-02-23T09:09:55.316+0000] {processor.py:840} INFO - DAG(s) 'support_daily_analytics' retrieved from /opt/airflow/dags/daily_analytics_dag.py
[2026-02-23T09:09:55.388+0000] {logging_mixin.py:188} INFO - [2026-02-23T09:09:55.387+0000] {dag.py:3089} INFO - Sync 1 DAGs
[2026-02-23T09:09:55.413+0000] {logging_mixin.py:188} INFO - [2026-02-23T09:09:55.413+0000] {dag.py:3947} INFO - Setting next_dagrun for support_daily_analytics to 2026-02-22 00:00:00+00:00, run_after=2026-02-23 00:00:00+00:00
[2026-02-23T09:09:55.432+0000] {processor.py:183} INFO - Processing /opt/airflow/dags/daily_analytics_dag.py took 0.164 seconds
[2026-02-23T09:10:25.679+0000] {processor.py:161} INFO - Started process (PID=305) to work on /opt/airflow/dags/daily_analytics_dag.py
[2026-02-23T09:10:25.681+0000] {processor.py:830} INFO - Processing file /opt/airflow/dags/daily_analytics_dag.py for tasks to queue
[2026-02-23T09:10:25.685+0000] {logging_mixin.py:188} INFO - [2026-02-23T09:10:25.684+0000] {dagbag.py:545} INFO - Filling up the DagBag from /opt/airflow/dags/daily_analytics_dag.py
[2026-02-23T09:10:25.718+0000] {processor.py:840} INFO - DAG(s) 'support_daily_analytics' retrieved from /opt/airflow/dags/daily_analytics_dag.py
[2026-02-23T09:10:25.852+0000] {logging_mixin.py:188} INFO - [2026-02-23T09:10:25.852+0000] {dag.py:3089} INFO - Sync 1 DAGs
[2026-02-23T09:10:25.935+0000] {logging_mixin.py:188} INFO - [2026-02-23T09:10:25.934+0000] {dag.py:3947} INFO - Setting next_dagrun for support_daily_analytics to 2026-02-22 00:00:00+00:00, run_after=2026-02-23 00:00:00+00:00
[2026-02-23T09:10:26.002+0000] {processor.py:183} INFO - Processing /opt/airflow/dags/daily_analytics_dag.py took 0.377 seconds
[2026-02-23T09:10:56.312+0000] {processor.py:161} INFO - Started process (PID=310) to work on /opt/airflow/dags/daily_analytics_dag.py
[2026-02-23T09:10:56.315+0000] {processor.py:830} INFO - Processing file /opt/airflow/dags/daily_analytics_dag.py for tasks to queue
[2026-02-23T09:10:56.319+0000] {logging_mixin.py:188} INFO - [2026-02-23T09:10:56.317+0000] {dagbag.py:545} INFO - Filling up the DagBag from /opt/airflow/dags/daily_analytics_dag.py
[2026-02-23T09:10:56.355+0000] {processor.py:840} INFO - DAG(s) 'support_daily_analytics' retrieved from /opt/airflow/dags/daily_analytics_dag.py
[2026-02-23T09:10:56.410+0000] {logging_mixin.py:188} INFO - [2026-02-23T09:10:56.410+0000] {dag.py:3089} INFO - Sync 1 DAGs
[2026-02-23T09:10:56.430+0000] {logging_mixin.py:188} INFO - [2026-02-23T09:10:56.429+0000] {dag.py:3947} INFO - Setting next_dagrun for support_daily_analytics to 2026-02-22 00:00:00+00:00, run_after=2026-02-23 00:00:00+00:00
[2026-02-23T09:10:56.456+0000] {processor.py:183} INFO - Processing /opt/airflow/dags/daily_analytics_dag.py took 0.161 seconds
[2026-02-23T09:11:26.601+0000] {processor.py:161} INFO - Started process (PID=315) to work on /opt/airflow/dags/daily_analytics_dag.py
[2026-02-23T09:11:26.602+0000] {processor.py:830} INFO - Processing file /opt/airflow/dags/daily_analytics_dag.py for tasks to queue
[2026-02-23T09:11:26.605+0000] {logging_mixin.py:188} INFO - [2026-02-23T09:11:26.605+0000] {dagbag.py:545} INFO - Filling up the DagBag from /opt/airflow/dags/daily_analytics_dag.py
[2026-02-23T09:11:26.623+0000] {processor.py:840} INFO - DAG(s) 'support_daily_analytics' retrieved from /opt/airflow/dags/daily_analytics_dag.py
[2026-02-23T09:11:26.661+0000] {logging_mixin.py:188} INFO - [2026-02-23T09:11:26.661+0000] {dag.py:3089} INFO - Sync 1 DAGs
[2026-02-23T09:11:26.714+0000] {logging_mixin.py:188} INFO - [2026-02-23T09:11:26.714+0000] {dag.py:3947} INFO - Setting next_dagrun for support_daily_analytics to 2026-02-22 00:00:00+00:00, run_after=2026-02-23 00:00:00+00:00
[2026-02-23T09:11:26.746+0000] {processor.py:183} INFO - Processing /opt/airflow/dags/daily_analytics_dag.py took 0.155 seconds
[2026-02-23T09:11:56.976+0000] {processor.py:161} INFO - Started process (PID=320) to work on /opt/airflow/dags/daily_analytics_dag.py
[2026-02-23T09:11:56.977+0000] {processor.py:830} INFO - Processing file /opt/airflow/dags/daily_analytics_dag.py for tasks to queue
[2026-02-23T09:11:56.980+0000] {logging_mixin.py:188} INFO - [2026-02-23T09:11:56.980+0000] {dagbag.py:545} INFO - Filling up the DagBag from /opt/airflow/dags/daily_analytics_dag.py
[2026-02-23T09:11:56.994+0000] {processor.py:840} INFO - DAG(s) 'support_daily_analytics' retrieved from /opt/airflow/dags/daily_analytics_dag.py
[2026-02-23T09:11:57.022+0000] {logging_mixin.py:188} INFO - [2026-02-23T09:11:57.022+0000] {dag.py:3089} INFO - Sync 1 DAGs
[2026-02-23T09:11:57.036+0000] {logging_mixin.py:188} INFO - [2026-02-23T09:11:57.036+0000] {dag.py:3947} INFO - Setting next_dagrun for support_daily_analytics to 2026-02-22 00:00:00+00:00, run_after=2026-02-23 00:00:00+00:00
[2026-02-23T09:11:57.044+0000] {processor.py:183} INFO - Processing /opt/airflow/dags/daily_analytics_dag.py took 0.075 seconds
[2026-02-23T09:12:27.293+0000] {processor.py:161} INFO - Started process (PID=325) to work on /opt/airflow/dags/daily_analytics_dag.py
[2026-02-23T09:12:27.295+0000] {processor.py:830} INFO - Processing file /opt/airflow/dags/daily_analytics_dag.py for tasks to queue
[2026-02-23T09:12:27.299+0000] {logging_mixin.py:188} INFO - [2026-02-23T09:12:27.298+0000] {dagbag.py:545} INFO - Filling up the DagBag from /opt/airflow/dags/daily_analytics_dag.py
[2026-02-23T09:12:27.315+0000] {processor.py:840} INFO - DAG(s) 'support_daily_analytics' retrieved from /opt/airflow/dags/daily_analytics_dag.py
[2026-02-23T09:12:27.342+0000] {logging_mixin.py:188} INFO - [2026-02-23T09:12:27.341+0000] {dag.py:3089} INFO - Sync 1 DAGs
[2026-02-23T09:12:27.352+0000] {logging_mixin.py:188} INFO - [2026-02-23T09:12:27.352+0000] {dag.py:3947} INFO - Setting next_dagrun for support_daily_analytics to 2026-02-22 00:00:00+00:00, run_after=2026-02-23 00:00:00+00:00
[2026-02-23T09:12:27.359+0000] {processor.py:183} INFO - Processing /opt/airflow/dags/daily_analytics_dag.py took 0.077 seconds
[2026-02-23T09:12:57.597+0000] {processor.py:161} INFO - Started process (PID=330) to work on /opt/airflow/dags/daily_analytics_dag.py
[2026-02-23T09:12:57.599+0000] {processor.py:830} INFO - Processing file /opt/airflow/dags/daily_analytics_dag.py for tasks to queue
[2026-02-23T09:12:57.602+0000] {logging_mixin.py:188} INFO - [2026-02-23T09:12:57.602+0000] {dagbag.py:545} INFO - Filling up the DagBag from /opt/airflow/dags/daily_analytics_dag.py
[2026-02-23T09:12:57.618+0000] {processor.py:840} INFO - DAG(s) 'support_daily_analytics' retrieved from /opt/airflow/dags/daily_analytics_dag.py
[2026-02-23T09:12:57.645+0000] {logging_mixin.py:188} INFO - [2026-02-23T09:12:57.645+0000] {dag.py:3089} INFO - Sync 1 DAGs
[2026-02-23T09:12:57.657+0000] {logging_mixin.py:188} INFO - [2026-02-23T09:12:57.657+0000] {dag.py:3947} INFO - Setting next_dagrun for support_daily_analytics to 2026-02-22 00:00:00+00:00, run_after=2026-02-23 00:00:00+00:00
[2026-02-23T09:12:57.664+0000] {processor.py:183} INFO - Processing /opt/airflow/dags/daily_analytics_dag.py took 0.079 seconds
[2026-02-23T09:13:27.836+0000] {processor.py:161} INFO - Started process (PID=335) to work on /opt/airflow/dags/daily_analytics_dag.py
[2026-02-23T09:13:27.837+0000] {processor.py:830} INFO - Processing file /opt/airflow/dags/daily_analytics_dag.py for tasks to queue
[2026-02-23T09:13:27.840+0000] {logging_mixin.py:188} INFO - [2026-02-23T09:13:27.839+0000] {dagbag.py:545} INFO - Filling up the DagBag from /opt/airflow/dags/daily_analytics_dag.py
[2026-02-23T09:13:27.851+0000] {processor.py:840} INFO - DAG(s) 'support_daily_analytics' retrieved from /opt/airflow/dags/daily_analytics_dag.py
[2026-02-23T09:13:27.874+0000] {logging_mixin.py:188} INFO - [2026-02-23T09:13:27.874+0000] {dag.py:3089} INFO - Sync 1 DAGs
[2026-02-23T09:13:27.898+0000] {logging_mixin.py:188} INFO - [2026-02-23T09:13:27.898+0000] {dag.py:3947} INFO - Setting next_dagrun for support_daily_analytics to 2026-02-22 00:00:00+00:00, run_after=2026-02-23 00:00:00+00:00
[2026-02-23T09:13:27.923+0000] {processor.py:183} INFO - Processing /opt/airflow/dags/daily_analytics_dag.py took 0.094 seconds
