[2026-02-23T16:11:54.886+0000] {local_task_job_runner.py:120} INFO - ::group::Pre task execution logs
[2026-02-23T16:11:54.989+0000] {taskinstance.py:2076} INFO - Dependencies all met for dep_context=non-requeueable deps ti=<TaskInstance: support_daily_analytics.calculate_daily_metrics scheduled__2026-02-22T00:00:00+00:00 [queued]>
[2026-02-23T16:11:54.997+0000] {taskinstance.py:2076} INFO - Dependencies all met for dep_context=requeueable deps ti=<TaskInstance: support_daily_analytics.calculate_daily_metrics scheduled__2026-02-22T00:00:00+00:00 [queued]>
[2026-02-23T16:11:54.997+0000] {taskinstance.py:2306} INFO - Starting attempt 1 of 2
[2026-02-23T16:11:55.007+0000] {taskinstance.py:2330} INFO - Executing <Task(PythonOperator): calculate_daily_metrics> on 2026-02-22 00:00:00+00:00
[2026-02-23T16:11:55.021+0000] {standard_task_runner.py:90} INFO - Running: ['***', 'tasks', 'run', 'support_daily_analytics', 'calculate_daily_metrics', 'scheduled__2026-02-22T00:00:00+00:00', '--job-id', '3', '--raw', '--subdir', 'DAGS_FOLDER/daily_analytics_dag.py', '--cfg-path', '/tmp/tmp7hanvjyz']
[2026-02-23T16:11:55.033+0000] {standard_task_runner.py:91} INFO - Job 3: Subtask calculate_daily_metrics
[2026-02-23T16:11:55.040+0000] {logging_mixin.py:188} WARNING - /home/***/.local/lib/python3.12/site-packages/***/task/task_runner/standard_task_runner.py:62 DeprecationWarning: This process (pid=386) is multi-threaded, use of fork() may lead to deadlocks in the child.
[2026-02-23T16:11:55.041+0000] {standard_task_runner.py:64} INFO - Started process 388 to run task
[2026-02-23T16:11:55.177+0000] {task_command.py:426} INFO - Running <TaskInstance: support_daily_analytics.calculate_daily_metrics scheduled__2026-02-22T00:00:00+00:00 [running]> on host 4a2d42d9005c
[2026-02-23T16:11:55.346+0000] {taskinstance.py:2648} INFO - Exporting env vars: AIRFLOW_CTX_DAG_OWNER='support_team' AIRFLOW_CTX_DAG_ID='support_daily_analytics' AIRFLOW_CTX_TASK_ID='calculate_daily_metrics' AIRFLOW_CTX_EXECUTION_DATE='2026-02-22T00:00:00+00:00' AIRFLOW_CTX_TRY_NUMBER='1' AIRFLOW_CTX_DAG_RUN_ID='scheduled__2026-02-22T00:00:00+00:00'
[2026-02-23T16:11:55.347+0000] {taskinstance.py:430} INFO - ::endgroup::
[2026-02-23T16:11:55.409+0000] {taskinstance.py:441} INFO - ::group::Post task execution logs
[2026-02-23T16:11:55.431+0000] {taskinstance.py:2905} ERROR - Task failed with exception
Traceback (most recent call last):
  File "/home/airflow/.local/lib/python3.12/site-packages/airflow/models/taskinstance.py", line 465, in _execute_task
    result = _execute_callable(context=context, **execute_callable_kwargs)
             ^^^^^^^^^^^^^^^^^^^^^^^^^^^^^^^^^^^^^^^^^^^^^^^^^^^^^^^^^^^^^
  File "/home/airflow/.local/lib/python3.12/site-packages/airflow/models/taskinstance.py", line 432, in _execute_callable
    return execute_callable(context=context, **execute_callable_kwargs)
           ^^^^^^^^^^^^^^^^^^^^^^^^^^^^^^^^^^^^^^^^^^^^^^^^^^^^^^^^^^^^
  File "/home/airflow/.local/lib/python3.12/site-packages/airflow/models/baseoperator.py", line 401, in wrapper
    return func(self, *args, **kwargs)
           ^^^^^^^^^^^^^^^^^^^^^^^^^^^
  File "/home/airflow/.local/lib/python3.12/site-packages/airflow/operators/python.py", line 235, in execute
    return_value = self.execute_callable()
                   ^^^^^^^^^^^^^^^^^^^^^^^
  File "/home/airflow/.local/lib/python3.12/site-packages/airflow/operators/python.py", line 252, in execute_callable
    return self.python_callable(*self.op_args, **self.op_kwargs)
           ^^^^^^^^^^^^^^^^^^^^^^^^^^^^^^^^^^^^^^^^^^^^^^^^^^^^^
  File "/opt/airflow/dags/daily_analytics_dag.py", line 16, in calculate_daily_metrics
    conn = hook.get_conn()
           ^^^^^^^^^^^^^^^
  File "/home/airflow/.local/lib/python3.12/site-packages/airflow/providers/postgres/hooks/postgres.py", line 145, in get_conn
    conn = deepcopy(self.connection or self.get_connection(conn_id))
                                       ^^^^^^^^^^^^^^^^^^^^^^^^^^^^
  File "/home/airflow/.local/lib/python3.12/site-packages/airflow/hooks/base.py", line 83, in get_connection
    conn = Connection.get_connection_from_secrets(conn_id)
           ^^^^^^^^^^^^^^^^^^^^^^^^^^^^^^^^^^^^^^^^^^^^^^^
  File "/home/airflow/.local/lib/python3.12/site-packages/airflow/models/connection.py", line 519, in get_connection_from_secrets
    raise AirflowNotFoundException(f"The conn_id `{conn_id}` isn't defined")
airflow.exceptions.AirflowNotFoundException: The conn_id `postgres_support` isn't defined
[2026-02-23T16:11:55.444+0000] {taskinstance.py:1206} INFO - Marking task as UP_FOR_RETRY. dag_id=support_daily_analytics, task_id=calculate_daily_metrics, run_id=scheduled__2026-02-22T00:00:00+00:00, execution_date=20260222T000000, start_date=20260223T161154, end_date=20260223T161155
[2026-02-23T16:11:55.456+0000] {standard_task_runner.py:110} ERROR - Failed to execute job 3 for task calculate_daily_metrics (The conn_id `postgres_support` isn't defined; 388)
[2026-02-23T16:11:55.467+0000] {local_task_job_runner.py:243} INFO - Task exited with return code 1
[2026-02-23T16:11:55.477+0000] {logging_mixin.py:188} WARNING - /home/***/.local/lib/python3.12/site-packages/***/models/baseoperator.py:1297 AirflowProviderDeprecationWarning: Call to deprecated class PostgresOperator. (Please use `***.providers.common.sql.operators.sql.SQLExecuteQueryOperator`.Also, you can provide `hook_params={'schema': <database>}`.)
[2026-02-23T16:11:55.482+0000] {taskinstance.py:3503} INFO - 0 downstream tasks scheduled from follow-on schedule check
[2026-02-23T16:11:55.482+0000] {local_task_job_runner.py:222} INFO - ::endgroup::
[2026-02-23T16:43:25.599+0000] {local_task_job_runner.py:120} INFO - ::group::Pre task execution logs
[2026-02-23T16:43:25.638+0000] {taskinstance.py:2076} INFO - Dependencies all met for dep_context=non-requeueable deps ti=<TaskInstance: support_daily_analytics.calculate_daily_metrics scheduled__2026-02-22T00:00:00+00:00 [queued]>
[2026-02-23T16:43:25.642+0000] {taskinstance.py:2076} INFO - Dependencies all met for dep_context=requeueable deps ti=<TaskInstance: support_daily_analytics.calculate_daily_metrics scheduled__2026-02-22T00:00:00+00:00 [queued]>
[2026-02-23T16:43:25.643+0000] {taskinstance.py:2306} INFO - Starting attempt 1 of 2
[2026-02-23T16:43:25.649+0000] {taskinstance.py:2330} INFO - Executing <Task(PythonOperator): calculate_daily_metrics> on 2026-02-22 00:00:00+00:00
[2026-02-23T16:43:25.662+0000] {logging_mixin.py:188} WARNING - /home/***/.local/lib/python3.12/site-packages/***/task/task_runner/standard_task_runner.py:62 DeprecationWarning: This process (pid=191) is multi-threaded, use of fork() may lead to deadlocks in the child.
[2026-02-23T16:43:25.663+0000] {standard_task_runner.py:64} INFO - Started process 193 to run task
[2026-02-23T16:43:25.661+0000] {standard_task_runner.py:90} INFO - Running: ['***', 'tasks', 'run', 'support_daily_analytics', 'calculate_daily_metrics', 'scheduled__2026-02-22T00:00:00+00:00', '--job-id', '2', '--raw', '--subdir', 'DAGS_FOLDER/daily_analytics_dag.py', '--cfg-path', '/tmp/tmpd87qnpkj']
[2026-02-23T16:43:25.664+0000] {standard_task_runner.py:91} INFO - Job 2: Subtask calculate_daily_metrics
[2026-02-23T16:43:25.753+0000] {task_command.py:426} INFO - Running <TaskInstance: support_daily_analytics.calculate_daily_metrics scheduled__2026-02-22T00:00:00+00:00 [running]> on host e5a7e88c49c4
[2026-02-23T16:43:25.913+0000] {taskinstance.py:2648} INFO - Exporting env vars: AIRFLOW_CTX_DAG_OWNER='support_team' AIRFLOW_CTX_DAG_ID='support_daily_analytics' AIRFLOW_CTX_TASK_ID='calculate_daily_metrics' AIRFLOW_CTX_EXECUTION_DATE='2026-02-22T00:00:00+00:00' AIRFLOW_CTX_TRY_NUMBER='1' AIRFLOW_CTX_DAG_RUN_ID='scheduled__2026-02-22T00:00:00+00:00'
[2026-02-23T16:43:25.914+0000] {taskinstance.py:430} INFO - ::endgroup::
[2026-02-23T16:43:25.952+0000] {base.py:84} INFO - Using connection ID 'postgres_support' for task execution.
[2026-02-23T16:43:25.962+0000] {logging_mixin.py:188} WARNING - /home/***/.local/lib/python3.12/site-packages/***/utils/context.py:320 AirflowContextDeprecationWarning: Accessing 'execution_date' from the template is deprecated and will be removed in a future version. Please use 'data_interval_start' or 'logical_date' instead.
[2026-02-23T16:43:25.963+0000] {taskinstance.py:441} INFO - ::group::Post task execution logs
[2026-02-23T16:43:25.964+0000] {taskinstance.py:2905} ERROR - Task failed with exception
Traceback (most recent call last):
  File "/home/airflow/.local/lib/python3.12/site-packages/airflow/models/taskinstance.py", line 465, in _execute_task
    result = _execute_callable(context=context, **execute_callable_kwargs)
             ^^^^^^^^^^^^^^^^^^^^^^^^^^^^^^^^^^^^^^^^^^^^^^^^^^^^^^^^^^^^^
  File "/home/airflow/.local/lib/python3.12/site-packages/airflow/models/taskinstance.py", line 432, in _execute_callable
    return execute_callable(context=context, **execute_callable_kwargs)
           ^^^^^^^^^^^^^^^^^^^^^^^^^^^^^^^^^^^^^^^^^^^^^^^^^^^^^^^^^^^^
  File "/home/airflow/.local/lib/python3.12/site-packages/airflow/models/baseoperator.py", line 401, in wrapper
    return func(self, *args, **kwargs)
           ^^^^^^^^^^^^^^^^^^^^^^^^^^^
  File "/home/airflow/.local/lib/python3.12/site-packages/airflow/operators/python.py", line 235, in execute
    return_value = self.execute_callable()
                   ^^^^^^^^^^^^^^^^^^^^^^^
  File "/home/airflow/.local/lib/python3.12/site-packages/airflow/operators/python.py", line 252, in execute_callable
    return self.python_callable(*self.op_args, **self.op_kwargs)
           ^^^^^^^^^^^^^^^^^^^^^^^^^^^^^^^^^^^^^^^^^^^^^^^^^^^^^
  File "/opt/airflow/dags/daily_analytics_dag.py", line 21, in calculate_daily_metrics
    curr.execute(
psycopg2.errors.UndefinedTable: relation "daily_analytics" does not exist
LINE 2:         INSERT INTO daily_analytics
                            ^

[2026-02-23T16:43:25.977+0000] {taskinstance.py:1206} INFO - Marking task as UP_FOR_RETRY. dag_id=support_daily_analytics, task_id=calculate_daily_metrics, run_id=scheduled__2026-02-22T00:00:00+00:00, execution_date=20260222T000000, start_date=20260223T164325, end_date=20260223T164325
[2026-02-23T16:43:25.984+0000] {standard_task_runner.py:110} ERROR - Failed to execute job 2 for task calculate_daily_metrics (relation "daily_analytics" does not exist
LINE 2:         INSERT INTO daily_analytics
                            ^
; 193)
[2026-02-23T16:43:26.002+0000] {local_task_job_runner.py:243} INFO - Task exited with return code 1
[2026-02-23T16:43:26.015+0000] {logging_mixin.py:188} WARNING - /home/***/.local/lib/python3.12/site-packages/***/models/baseoperator.py:1297 AirflowProviderDeprecationWarning: Call to deprecated class PostgresOperator. (Please use `***.providers.common.sql.operators.sql.SQLExecuteQueryOperator`.Also, you can provide `hook_params={'schema': <database>}`.)
[2026-02-23T16:43:26.022+0000] {taskinstance.py:3503} INFO - 0 downstream tasks scheduled from follow-on schedule check
[2026-02-23T16:43:26.023+0000] {local_task_job_runner.py:222} INFO - ::endgroup::
[2026-02-23T19:50:03.469+0000] {local_task_job_runner.py:120} INFO - ::group::Pre task execution logs
[2026-02-23T19:50:03.492+0000] {taskinstance.py:2076} INFO - Dependencies all met for dep_context=non-requeueable deps ti=<TaskInstance: support_daily_analytics.calculate_daily_metrics scheduled__2026-02-22T00:00:00+00:00 [queued]>
[2026-02-23T19:50:03.496+0000] {taskinstance.py:2076} INFO - Dependencies all met for dep_context=requeueable deps ti=<TaskInstance: support_daily_analytics.calculate_daily_metrics scheduled__2026-02-22T00:00:00+00:00 [queued]>
[2026-02-23T19:50:03.496+0000] {taskinstance.py:2306} INFO - Starting attempt 1 of 2
[2026-02-23T19:50:03.502+0000] {taskinstance.py:2330} INFO - Executing <Task(PythonOperator): calculate_daily_metrics> on 2026-02-22 00:00:00+00:00
[2026-02-23T19:50:03.510+0000] {standard_task_runner.py:90} INFO - Running: ['***', 'tasks', 'run', 'support_daily_analytics', 'calculate_daily_metrics', 'scheduled__2026-02-22T00:00:00+00:00', '--job-id', '2', '--raw', '--subdir', 'DAGS_FOLDER/daily_analytics_dag.py', '--cfg-path', '/tmp/tmphkdw7aey']
[2026-02-23T19:50:03.512+0000] {standard_task_runner.py:91} INFO - Job 2: Subtask calculate_daily_metrics
[2026-02-23T19:50:03.512+0000] {logging_mixin.py:188} WARNING - /home/***/.local/lib/python3.12/site-packages/***/task/task_runner/standard_task_runner.py:62 DeprecationWarning: This process (pid=169) is multi-threaded, use of fork() may lead to deadlocks in the child.
[2026-02-23T19:50:03.513+0000] {standard_task_runner.py:64} INFO - Started process 171 to run task
[2026-02-23T19:50:03.557+0000] {task_command.py:426} INFO - Running <TaskInstance: support_daily_analytics.calculate_daily_metrics scheduled__2026-02-22T00:00:00+00:00 [running]> on host 5987a9aab3ce
[2026-02-23T19:50:03.620+0000] {taskinstance.py:2648} INFO - Exporting env vars: AIRFLOW_CTX_DAG_OWNER='support_team' AIRFLOW_CTX_DAG_ID='support_daily_analytics' AIRFLOW_CTX_TASK_ID='calculate_daily_metrics' AIRFLOW_CTX_EXECUTION_DATE='2026-02-22T00:00:00+00:00' AIRFLOW_CTX_TRY_NUMBER='1' AIRFLOW_CTX_DAG_RUN_ID='scheduled__2026-02-22T00:00:00+00:00'
[2026-02-23T19:50:03.621+0000] {taskinstance.py:430} INFO - ::endgroup::
[2026-02-23T19:50:03.645+0000] {taskinstance.py:441} INFO - ::group::Post task execution logs
[2026-02-23T19:50:03.656+0000] {taskinstance.py:2905} ERROR - Task failed with exception
Traceback (most recent call last):
  File "/home/airflow/.local/lib/python3.12/site-packages/airflow/models/taskinstance.py", line 465, in _execute_task
    result = _execute_callable(context=context, **execute_callable_kwargs)
             ^^^^^^^^^^^^^^^^^^^^^^^^^^^^^^^^^^^^^^^^^^^^^^^^^^^^^^^^^^^^^
  File "/home/airflow/.local/lib/python3.12/site-packages/airflow/models/taskinstance.py", line 432, in _execute_callable
    return execute_callable(context=context, **execute_callable_kwargs)
           ^^^^^^^^^^^^^^^^^^^^^^^^^^^^^^^^^^^^^^^^^^^^^^^^^^^^^^^^^^^^
  File "/home/airflow/.local/lib/python3.12/site-packages/airflow/models/baseoperator.py", line 401, in wrapper
    return func(self, *args, **kwargs)
           ^^^^^^^^^^^^^^^^^^^^^^^^^^^
  File "/home/airflow/.local/lib/python3.12/site-packages/airflow/operators/python.py", line 235, in execute
    return_value = self.execute_callable()
                   ^^^^^^^^^^^^^^^^^^^^^^^
  File "/home/airflow/.local/lib/python3.12/site-packages/airflow/operators/python.py", line 252, in execute_callable
    return self.python_callable(*self.op_args, **self.op_kwargs)
           ^^^^^^^^^^^^^^^^^^^^^^^^^^^^^^^^^^^^^^^^^^^^^^^^^^^^^
  File "/opt/airflow/dags/daily_analytics_dag.py", line 16, in calculate_daily_metrics
    conn = hook.get_conn()
           ^^^^^^^^^^^^^^^
  File "/home/airflow/.local/lib/python3.12/site-packages/airflow/providers/postgres/hooks/postgres.py", line 145, in get_conn
    conn = deepcopy(self.connection or self.get_connection(conn_id))
                                       ^^^^^^^^^^^^^^^^^^^^^^^^^^^^
  File "/home/airflow/.local/lib/python3.12/site-packages/airflow/hooks/base.py", line 83, in get_connection
    conn = Connection.get_connection_from_secrets(conn_id)
           ^^^^^^^^^^^^^^^^^^^^^^^^^^^^^^^^^^^^^^^^^^^^^^^
  File "/home/airflow/.local/lib/python3.12/site-packages/airflow/models/connection.py", line 519, in get_connection_from_secrets
    raise AirflowNotFoundException(f"The conn_id `{conn_id}` isn't defined")
airflow.exceptions.AirflowNotFoundException: The conn_id `postgres_support` isn't defined
[2026-02-23T19:50:03.660+0000] {taskinstance.py:1206} INFO - Marking task as UP_FOR_RETRY. dag_id=support_daily_analytics, task_id=calculate_daily_metrics, run_id=scheduled__2026-02-22T00:00:00+00:00, execution_date=20260222T000000, start_date=20260223T195003, end_date=20260223T195003
[2026-02-23T19:50:03.666+0000] {standard_task_runner.py:110} ERROR - Failed to execute job 2 for task calculate_daily_metrics (The conn_id `postgres_support` isn't defined; 171)
[2026-02-23T19:50:03.687+0000] {local_task_job_runner.py:243} INFO - Task exited with return code 1
[2026-02-23T19:50:03.697+0000] {logging_mixin.py:188} WARNING - /home/***/.local/lib/python3.12/site-packages/***/models/baseoperator.py:1297 AirflowProviderDeprecationWarning: Call to deprecated class PostgresOperator. (Please use `***.providers.common.sql.operators.sql.SQLExecuteQueryOperator`.Also, you can provide `hook_params={'schema': <database>}`.)
[2026-02-23T19:50:03.703+0000] {taskinstance.py:3503} INFO - 0 downstream tasks scheduled from follow-on schedule check
[2026-02-23T19:50:03.704+0000] {local_task_job_runner.py:222} INFO - ::endgroup::
[2026-02-23T19:54:24.904+0000] {local_task_job_runner.py:120} INFO - ::group::Pre task execution logs
[2026-02-23T19:54:24.923+0000] {taskinstance.py:2076} INFO - Dependencies all met for dep_context=non-requeueable deps ti=<TaskInstance: support_daily_analytics.calculate_daily_metrics scheduled__2026-02-22T00:00:00+00:00 [queued]>
[2026-02-23T19:54:24.926+0000] {taskinstance.py:2076} INFO - Dependencies all met for dep_context=requeueable deps ti=<TaskInstance: support_daily_analytics.calculate_daily_metrics scheduled__2026-02-22T00:00:00+00:00 [queued]>
[2026-02-23T19:54:24.926+0000] {taskinstance.py:2306} INFO - Starting attempt 1 of 2
[2026-02-23T19:54:24.931+0000] {taskinstance.py:2330} INFO - Executing <Task(PythonOperator): calculate_daily_metrics> on 2026-02-22 00:00:00+00:00
[2026-02-23T19:54:24.936+0000] {logging_mixin.py:188} WARNING - /home/***/.local/lib/python3.12/site-packages/***/task/task_runner/standard_task_runner.py:62 DeprecationWarning: This process (pid=220) is multi-threaded, use of fork() may lead to deadlocks in the child.
[2026-02-23T19:54:24.936+0000] {standard_task_runner.py:64} INFO - Started process 221 to run task
[2026-02-23T19:54:24.935+0000] {standard_task_runner.py:90} INFO - Running: ['***', 'tasks', 'run', 'support_daily_analytics', 'calculate_daily_metrics', 'scheduled__2026-02-22T00:00:00+00:00', '--job-id', '5', '--raw', '--subdir', 'DAGS_FOLDER/daily_analytics_dag.py', '--cfg-path', '/tmp/tmpyw7551qn']
[2026-02-23T19:54:24.937+0000] {standard_task_runner.py:91} INFO - Job 5: Subtask calculate_daily_metrics
[2026-02-23T19:54:24.969+0000] {task_command.py:426} INFO - Running <TaskInstance: support_daily_analytics.calculate_daily_metrics scheduled__2026-02-22T00:00:00+00:00 [running]> on host 5987a9aab3ce
[2026-02-23T19:54:25.012+0000] {taskinstance.py:2648} INFO - Exporting env vars: AIRFLOW_CTX_DAG_OWNER='support_team' AIRFLOW_CTX_DAG_ID='support_daily_analytics' AIRFLOW_CTX_TASK_ID='calculate_daily_metrics' AIRFLOW_CTX_EXECUTION_DATE='2026-02-22T00:00:00+00:00' AIRFLOW_CTX_TRY_NUMBER='1' AIRFLOW_CTX_DAG_RUN_ID='scheduled__2026-02-22T00:00:00+00:00'
[2026-02-23T19:54:25.013+0000] {taskinstance.py:430} INFO - ::endgroup::
[2026-02-23T19:54:25.032+0000] {base.py:84} INFO - Using connection ID '***_support' for task execution.
[2026-02-23T19:54:25.039+0000] {logging_mixin.py:188} WARNING - /home/***/.local/lib/python3.12/site-packages/***/utils/context.py:320 AirflowContextDeprecationWarning: Accessing 'execution_date' from the template is deprecated and will be removed in a future version. Please use 'data_interval_start' or 'logical_date' instead.
[2026-02-23T19:54:25.042+0000] {taskinstance.py:441} INFO - ::group::Post task execution logs
[2026-02-23T19:54:25.043+0000] {taskinstance.py:2905} ERROR - Task failed with exception
Traceback (most recent call last):
  File "/home/airflow/.local/lib/python3.12/site-packages/airflow/models/taskinstance.py", line 465, in _execute_task
    result = _execute_callable(context=context, **execute_callable_kwargs)
             ^^^^^^^^^^^^^^^^^^^^^^^^^^^^^^^^^^^^^^^^^^^^^^^^^^^^^^^^^^^^^
  File "/home/airflow/.local/lib/python3.12/site-packages/airflow/models/taskinstance.py", line 432, in _execute_callable
    return execute_callable(context=context, **execute_callable_kwargs)
           ^^^^^^^^^^^^^^^^^^^^^^^^^^^^^^^^^^^^^^^^^^^^^^^^^^^^^^^^^^^^
  File "/home/airflow/.local/lib/python3.12/site-packages/airflow/models/baseoperator.py", line 401, in wrapper
    return func(self, *args, **kwargs)
           ^^^^^^^^^^^^^^^^^^^^^^^^^^^
  File "/home/airflow/.local/lib/python3.12/site-packages/airflow/operators/python.py", line 235, in execute
    return_value = self.execute_callable()
                   ^^^^^^^^^^^^^^^^^^^^^^^
  File "/home/airflow/.local/lib/python3.12/site-packages/airflow/operators/python.py", line 252, in execute_callable
    return self.python_callable(*self.op_args, **self.op_kwargs)
           ^^^^^^^^^^^^^^^^^^^^^^^^^^^^^^^^^^^^^^^^^^^^^^^^^^^^^
  File "/opt/airflow/dags/daily_analytics_dag.py", line 21, in calculate_daily_metrics
    curr.execute(
psycopg2.errors.UndefinedTable: missing FROM-clause entry for table "top_category"
LINE 17:             top_category = EXCLUDED.top_category.
                                    ^

[2026-02-23T19:54:25.050+0000] {taskinstance.py:1206} INFO - Marking task as UP_FOR_RETRY. dag_id=support_daily_analytics, task_id=calculate_daily_metrics, run_id=scheduled__2026-02-22T00:00:00+00:00, execution_date=20260222T000000, start_date=20260223T195424, end_date=20260223T195425
[2026-02-23T19:54:25.055+0000] {standard_task_runner.py:110} ERROR - Failed to execute job 5 for task calculate_daily_metrics (missing FROM-clause entry for table "top_category"
LINE 17:             top_category = EXCLUDED.top_category.
                                    ^
; 221)
[2026-02-23T19:54:25.069+0000] {local_task_job_runner.py:243} INFO - Task exited with return code 1
[2026-02-23T19:54:25.078+0000] {logging_mixin.py:188} WARNING - /home/***/.local/lib/python3.12/site-packages/***/models/baseoperator.py:1297 AirflowProviderDeprecationWarning: Call to deprecated class PostgresOperator. (Please use `***.providers.common.sql.operators.sql.SQLExecuteQueryOperator`.Also, you can provide `hook_params={'schema': <database>}`.)
[2026-02-23T19:54:25.082+0000] {taskinstance.py:3503} INFO - 0 downstream tasks scheduled from follow-on schedule check
[2026-02-23T19:54:25.083+0000] {local_task_job_runner.py:222} INFO - ::endgroup::
