[2026-02-23T16:16:55.880+0000] {local_task_job_runner.py:120} INFO - ::group::Pre task execution logs
[2026-02-23T16:16:55.921+0000] {taskinstance.py:2076} INFO - Dependencies all met for dep_context=non-requeueable deps ti=<TaskInstance: support_daily_analytics.calculate_daily_metrics scheduled__2026-02-22T00:00:00+00:00 [queued]>
[2026-02-23T16:16:55.924+0000] {taskinstance.py:2076} INFO - Dependencies all met for dep_context=requeueable deps ti=<TaskInstance: support_daily_analytics.calculate_daily_metrics scheduled__2026-02-22T00:00:00+00:00 [queued]>
[2026-02-23T16:16:55.925+0000] {taskinstance.py:2306} INFO - Starting attempt 2 of 2
[2026-02-23T16:16:55.931+0000] {taskinstance.py:2330} INFO - Executing <Task(PythonOperator): calculate_daily_metrics> on 2026-02-22 00:00:00+00:00
[2026-02-23T16:16:55.952+0000] {logging_mixin.py:188} WARNING - /home/***/.local/lib/python3.12/site-packages/***/task/task_runner/standard_task_runner.py:62 DeprecationWarning: This process (pid=440) is multi-threaded, use of fork() may lead to deadlocks in the child.
[2026-02-23T16:16:55.953+0000] {standard_task_runner.py:64} INFO - Started process 441 to run task
[2026-02-23T16:16:55.959+0000] {standard_task_runner.py:90} INFO - Running: ['***', 'tasks', 'run', 'support_daily_analytics', 'calculate_daily_metrics', 'scheduled__2026-02-22T00:00:00+00:00', '--job-id', '4', '--raw', '--subdir', 'DAGS_FOLDER/daily_analytics_dag.py', '--cfg-path', '/tmp/tmpn1z1ut8y']
[2026-02-23T16:16:55.965+0000] {standard_task_runner.py:91} INFO - Job 4: Subtask calculate_daily_metrics
[2026-02-23T16:16:56.072+0000] {task_command.py:426} INFO - Running <TaskInstance: support_daily_analytics.calculate_daily_metrics scheduled__2026-02-22T00:00:00+00:00 [running]> on host 4a2d42d9005c
[2026-02-23T16:16:56.216+0000] {taskinstance.py:2648} INFO - Exporting env vars: AIRFLOW_CTX_DAG_OWNER='support_team' AIRFLOW_CTX_DAG_ID='support_daily_analytics' AIRFLOW_CTX_TASK_ID='calculate_daily_metrics' AIRFLOW_CTX_EXECUTION_DATE='2026-02-22T00:00:00+00:00' AIRFLOW_CTX_TRY_NUMBER='2' AIRFLOW_CTX_DAG_RUN_ID='scheduled__2026-02-22T00:00:00+00:00'
[2026-02-23T16:16:56.217+0000] {taskinstance.py:430} INFO - ::endgroup::
[2026-02-23T16:16:56.237+0000] {taskinstance.py:441} INFO - ::group::Post task execution logs
[2026-02-23T16:16:56.245+0000] {taskinstance.py:2905} ERROR - Task failed with exception
Traceback (most recent call last):
  File "/home/airflow/.local/lib/python3.12/site-packages/airflow/models/taskinstance.py", line 465, in _execute_task
    result = _execute_callable(context=context, **execute_callable_kwargs)
             ^^^^^^^^^^^^^^^^^^^^^^^^^^^^^^^^^^^^^^^^^^^^^^^^^^^^^^^^^^^^^
  File "/home/airflow/.local/lib/python3.12/site-packages/airflow/models/taskinstance.py", line 432, in _execute_callable
    return execute_callable(context=context, **execute_callable_kwargs)
           ^^^^^^^^^^^^^^^^^^^^^^^^^^^^^^^^^^^^^^^^^^^^^^^^^^^^^^^^^^^^
  File "/home/airflow/.local/lib/python3.12/site-packages/airflow/models/baseoperator.py", line 401, in wrapper
    return func(self, *args, **kwargs)
           ^^^^^^^^^^^^^^^^^^^^^^^^^^^
  File "/home/airflow/.local/lib/python3.12/site-packages/airflow/operators/python.py", line 235, in execute
    return_value = self.execute_callable()
                   ^^^^^^^^^^^^^^^^^^^^^^^
  File "/home/airflow/.local/lib/python3.12/site-packages/airflow/operators/python.py", line 252, in execute_callable
    return self.python_callable(*self.op_args, **self.op_kwargs)
           ^^^^^^^^^^^^^^^^^^^^^^^^^^^^^^^^^^^^^^^^^^^^^^^^^^^^^
  File "/opt/airflow/dags/daily_analytics_dag.py", line 16, in calculate_daily_metrics
    conn = hook.get_conn()
           ^^^^^^^^^^^^^^^
  File "/home/airflow/.local/lib/python3.12/site-packages/airflow/providers/postgres/hooks/postgres.py", line 145, in get_conn
    conn = deepcopy(self.connection or self.get_connection(conn_id))
                                       ^^^^^^^^^^^^^^^^^^^^^^^^^^^^
  File "/home/airflow/.local/lib/python3.12/site-packages/airflow/hooks/base.py", line 83, in get_connection
    conn = Connection.get_connection_from_secrets(conn_id)
           ^^^^^^^^^^^^^^^^^^^^^^^^^^^^^^^^^^^^^^^^^^^^^^^
  File "/home/airflow/.local/lib/python3.12/site-packages/airflow/models/connection.py", line 519, in get_connection_from_secrets
    raise AirflowNotFoundException(f"The conn_id `{conn_id}` isn't defined")
airflow.exceptions.AirflowNotFoundException: The conn_id `postgres_support` isn't defined
[2026-02-23T16:16:56.247+0000] {taskinstance.py:1206} INFO - Marking task as FAILED. dag_id=support_daily_analytics, task_id=calculate_daily_metrics, run_id=scheduled__2026-02-22T00:00:00+00:00, execution_date=20260222T000000, start_date=20260223T161655, end_date=20260223T161656
[2026-02-23T16:16:56.251+0000] {standard_task_runner.py:110} ERROR - Failed to execute job 4 for task calculate_daily_metrics (The conn_id `postgres_support` isn't defined; 441)
[2026-02-23T16:16:56.291+0000] {local_task_job_runner.py:243} INFO - Task exited with return code 1
[2026-02-23T16:16:56.300+0000] {logging_mixin.py:188} WARNING - /home/***/.local/lib/python3.12/site-packages/***/models/baseoperator.py:1297 AirflowProviderDeprecationWarning: Call to deprecated class PostgresOperator. (Please use `***.providers.common.sql.operators.sql.SQLExecuteQueryOperator`.Also, you can provide `hook_params={'schema': <database>}`.)
[2026-02-23T16:16:56.304+0000] {taskinstance.py:3503} INFO - 0 downstream tasks scheduled from follow-on schedule check
[2026-02-23T16:16:56.305+0000] {local_task_job_runner.py:222} INFO - ::endgroup::
[2026-02-23T16:48:26.562+0000] {local_task_job_runner.py:120} INFO - ::group::Pre task execution logs
[2026-02-23T16:48:26.593+0000] {taskinstance.py:2076} INFO - Dependencies all met for dep_context=non-requeueable deps ti=<TaskInstance: support_daily_analytics.calculate_daily_metrics scheduled__2026-02-22T00:00:00+00:00 [queued]>
[2026-02-23T16:48:26.597+0000] {taskinstance.py:2076} INFO - Dependencies all met for dep_context=requeueable deps ti=<TaskInstance: support_daily_analytics.calculate_daily_metrics scheduled__2026-02-22T00:00:00+00:00 [queued]>
[2026-02-23T16:48:26.597+0000] {taskinstance.py:2306} INFO - Starting attempt 2 of 2
[2026-02-23T16:48:26.605+0000] {taskinstance.py:2330} INFO - Executing <Task(PythonOperator): calculate_daily_metrics> on 2026-02-22 00:00:00+00:00
[2026-02-23T16:48:26.612+0000] {logging_mixin.py:188} WARNING - /home/***/.local/lib/python3.12/site-packages/***/task/task_runner/standard_task_runner.py:62 DeprecationWarning: This process (pid=245) is multi-threaded, use of fork() may lead to deadlocks in the child.
[2026-02-23T16:48:26.612+0000] {standard_task_runner.py:64} INFO - Started process 247 to run task
[2026-02-23T16:48:26.611+0000] {standard_task_runner.py:90} INFO - Running: ['***', 'tasks', 'run', 'support_daily_analytics', 'calculate_daily_metrics', 'scheduled__2026-02-22T00:00:00+00:00', '--job-id', '4', '--raw', '--subdir', 'DAGS_FOLDER/daily_analytics_dag.py', '--cfg-path', '/tmp/tmpz80fj_8e']
[2026-02-23T16:48:26.613+0000] {standard_task_runner.py:91} INFO - Job 4: Subtask calculate_daily_metrics
[2026-02-23T16:48:26.670+0000] {task_command.py:426} INFO - Running <TaskInstance: support_daily_analytics.calculate_daily_metrics scheduled__2026-02-22T00:00:00+00:00 [running]> on host e5a7e88c49c4
[2026-02-23T16:48:26.747+0000] {taskinstance.py:2648} INFO - Exporting env vars: AIRFLOW_CTX_DAG_OWNER='support_team' AIRFLOW_CTX_DAG_ID='support_daily_analytics' AIRFLOW_CTX_TASK_ID='calculate_daily_metrics' AIRFLOW_CTX_EXECUTION_DATE='2026-02-22T00:00:00+00:00' AIRFLOW_CTX_TRY_NUMBER='2' AIRFLOW_CTX_DAG_RUN_ID='scheduled__2026-02-22T00:00:00+00:00'
[2026-02-23T16:48:26.747+0000] {taskinstance.py:430} INFO - ::endgroup::
[2026-02-23T16:48:26.784+0000] {base.py:84} INFO - Using connection ID 'postgres_support' for task execution.
[2026-02-23T16:48:26.796+0000] {logging_mixin.py:188} WARNING - /home/***/.local/lib/python3.12/site-packages/***/utils/context.py:320 AirflowContextDeprecationWarning: Accessing 'execution_date' from the template is deprecated and will be removed in a future version. Please use 'data_interval_start' or 'logical_date' instead.
[2026-02-23T16:48:26.797+0000] {taskinstance.py:441} INFO - ::group::Post task execution logs
[2026-02-23T16:48:26.797+0000] {taskinstance.py:2905} ERROR - Task failed with exception
Traceback (most recent call last):
  File "/home/airflow/.local/lib/python3.12/site-packages/airflow/models/taskinstance.py", line 465, in _execute_task
    result = _execute_callable(context=context, **execute_callable_kwargs)
             ^^^^^^^^^^^^^^^^^^^^^^^^^^^^^^^^^^^^^^^^^^^^^^^^^^^^^^^^^^^^^
  File "/home/airflow/.local/lib/python3.12/site-packages/airflow/models/taskinstance.py", line 432, in _execute_callable
    return execute_callable(context=context, **execute_callable_kwargs)
           ^^^^^^^^^^^^^^^^^^^^^^^^^^^^^^^^^^^^^^^^^^^^^^^^^^^^^^^^^^^^
  File "/home/airflow/.local/lib/python3.12/site-packages/airflow/models/baseoperator.py", line 401, in wrapper
    return func(self, *args, **kwargs)
           ^^^^^^^^^^^^^^^^^^^^^^^^^^^
  File "/home/airflow/.local/lib/python3.12/site-packages/airflow/operators/python.py", line 235, in execute
    return_value = self.execute_callable()
                   ^^^^^^^^^^^^^^^^^^^^^^^
  File "/home/airflow/.local/lib/python3.12/site-packages/airflow/operators/python.py", line 252, in execute_callable
    return self.python_callable(*self.op_args, **self.op_kwargs)
           ^^^^^^^^^^^^^^^^^^^^^^^^^^^^^^^^^^^^^^^^^^^^^^^^^^^^^
  File "/opt/airflow/dags/daily_analytics_dag.py", line 21, in calculate_daily_metrics
    curr.execute(
psycopg2.errors.UndefinedTable: relation "daily_analytics" does not exist
LINE 2:         INSERT INTO daily_analytics
                            ^

[2026-02-23T16:48:26.809+0000] {taskinstance.py:1206} INFO - Marking task as FAILED. dag_id=support_daily_analytics, task_id=calculate_daily_metrics, run_id=scheduled__2026-02-22T00:00:00+00:00, execution_date=20260222T000000, start_date=20260223T164826, end_date=20260223T164826
[2026-02-23T16:48:26.815+0000] {standard_task_runner.py:110} ERROR - Failed to execute job 4 for task calculate_daily_metrics (relation "daily_analytics" does not exist
LINE 2:         INSERT INTO daily_analytics
                            ^
; 247)
[2026-02-23T16:48:26.828+0000] {local_task_job_runner.py:243} INFO - Task exited with return code 1
[2026-02-23T16:48:26.838+0000] {logging_mixin.py:188} WARNING - /home/***/.local/lib/python3.12/site-packages/***/models/baseoperator.py:1297 AirflowProviderDeprecationWarning: Call to deprecated class PostgresOperator. (Please use `***.providers.common.sql.operators.sql.SQLExecuteQueryOperator`.Also, you can provide `hook_params={'schema': <database>}`.)
[2026-02-23T16:48:26.842+0000] {taskinstance.py:3503} INFO - 0 downstream tasks scheduled from follow-on schedule check
[2026-02-23T16:48:26.844+0000] {local_task_job_runner.py:222} INFO - ::endgroup::
