[2026-02-23T21:00:15.731+0000] {local_task_job_runner.py:120} INFO - ::group::Pre task execution logs
[2026-02-23T21:00:15.779+0000] {taskinstance.py:2076} INFO - Dependencies all met for dep_context=non-requeueable deps ti=<TaskInstance: support_daily_analytics.calculate_daily_metrics manual__2026-02-23T21:00:14.503554+00:00 [queued]>
[2026-02-23T21:00:15.786+0000] {taskinstance.py:2076} INFO - Dependencies all met for dep_context=requeueable deps ti=<TaskInstance: support_daily_analytics.calculate_daily_metrics manual__2026-02-23T21:00:14.503554+00:00 [queued]>
[2026-02-23T21:00:15.786+0000] {taskinstance.py:2306} INFO - Starting attempt 1 of 2
[2026-02-23T21:00:15.796+0000] {taskinstance.py:2330} INFO - Executing <Task(PythonOperator): calculate_daily_metrics> on 2026-02-23 21:00:14.503554+00:00
[2026-02-23T21:00:15.803+0000] {standard_task_runner.py:90} INFO - Running: ['***', 'tasks', 'run', 'support_daily_analytics', 'calculate_daily_metrics', 'manual__2026-02-23T21:00:14.503554+00:00', '--job-id', '14', '--raw', '--subdir', 'DAGS_FOLDER/daily_analytics_dag.py', '--cfg-path', '/tmp/tmp26vikgen']
[2026-02-23T21:00:15.816+0000] {logging_mixin.py:188} WARNING - /home/***/.local/lib/python3.12/site-packages/***/task/task_runner/standard_task_runner.py:62 DeprecationWarning: This process (pid=808) is multi-threaded, use of fork() may lead to deadlocks in the child.
[2026-02-23T21:00:15.816+0000] {standard_task_runner.py:91} INFO - Job 14: Subtask calculate_daily_metrics
[2026-02-23T21:00:15.816+0000] {standard_task_runner.py:64} INFO - Started process 809 to run task
[2026-02-23T21:00:15.911+0000] {task_command.py:426} INFO - Running <TaskInstance: support_daily_analytics.calculate_daily_metrics manual__2026-02-23T21:00:14.503554+00:00 [running]> on host 5987a9aab3ce
[2026-02-23T21:00:16.016+0000] {taskinstance.py:2648} INFO - Exporting env vars: AIRFLOW_CTX_DAG_OWNER='support_team' AIRFLOW_CTX_DAG_ID='support_daily_analytics' AIRFLOW_CTX_TASK_ID='calculate_daily_metrics' AIRFLOW_CTX_EXECUTION_DATE='2026-02-23T21:00:14.503554+00:00' AIRFLOW_CTX_TRY_NUMBER='1' AIRFLOW_CTX_DAG_RUN_ID='manual__2026-02-23T21:00:14.503554+00:00'
[2026-02-23T21:00:16.017+0000] {taskinstance.py:430} INFO - ::endgroup::
[2026-02-23T21:00:16.073+0000] {base.py:84} INFO - Using connection ID '***_support' for task execution.
[2026-02-23T21:00:16.102+0000] {logging_mixin.py:188} INFO - Daily metrics calculated for 2026-02-23
[2026-02-23T21:00:16.102+0000] {python.py:237} INFO - Done. Returned value was: None
[2026-02-23T21:00:16.102+0000] {taskinstance.py:441} INFO - ::group::Post task execution logs
[2026-02-23T21:00:16.120+0000] {taskinstance.py:1206} INFO - Marking task as SUCCESS. dag_id=support_daily_analytics, task_id=calculate_daily_metrics, run_id=manual__2026-02-23T21:00:14.503554+00:00, execution_date=20260223T210014, start_date=20260223T210015, end_date=20260223T210016
[2026-02-23T21:00:16.158+0000] {local_task_job_runner.py:243} INFO - Task exited with return code 0
[2026-02-23T21:00:16.167+0000] {logging_mixin.py:188} WARNING - /home/***/.local/lib/python3.12/site-packages/***/models/baseoperator.py:1297 AirflowProviderDeprecationWarning: Call to deprecated class PostgresOperator. (Please use `***.providers.common.sql.operators.sql.SQLExecuteQueryOperator`.Also, you can provide `hook_params={'schema': <database>}`.)
[2026-02-23T21:00:16.171+0000] {taskinstance.py:3503} INFO - 1 downstream tasks scheduled from follow-on schedule check
[2026-02-23T21:00:16.172+0000] {local_task_job_runner.py:222} INFO - ::endgroup::
