[2026-02-23T16:11:54.884+0000] {local_task_job_runner.py:120} INFO - ::group::Pre task execution logs
[2026-02-23T16:11:54.965+0000] {taskinstance.py:2076} INFO - Dependencies all met for dep_context=non-requeueable deps ti=<TaskInstance: support_daily_analytics.calculate_daily_metrics manual__2026-02-23T16:11:53.452459+00:00 [queued]>
[2026-02-23T16:11:54.969+0000] {taskinstance.py:2076} INFO - Dependencies all met for dep_context=requeueable deps ti=<TaskInstance: support_daily_analytics.calculate_daily_metrics manual__2026-02-23T16:11:53.452459+00:00 [queued]>
[2026-02-23T16:11:54.969+0000] {taskinstance.py:2306} INFO - Starting attempt 1 of 2
[2026-02-23T16:11:54.973+0000] {taskinstance.py:2330} INFO - Executing <Task(PythonOperator): calculate_daily_metrics> on 2026-02-23 16:11:53.452459+00:00
[2026-02-23T16:11:55.011+0000] {logging_mixin.py:188} WARNING - /home/***/.local/lib/python3.12/site-packages/***/task/task_runner/standard_task_runner.py:62 DeprecationWarning: This process (pid=385) is multi-threaded, use of fork() may lead to deadlocks in the child.
[2026-02-23T16:11:55.001+0000] {standard_task_runner.py:90} INFO - Running: ['***', 'tasks', 'run', 'support_daily_analytics', 'calculate_daily_metrics', 'manual__2026-02-23T16:11:53.452459+00:00', '--job-id', '2', '--raw', '--subdir', 'DAGS_FOLDER/daily_analytics_dag.py', '--cfg-path', '/tmp/tmpq8_aenmr']
[2026-02-23T16:11:55.014+0000] {standard_task_runner.py:64} INFO - Started process 387 to run task
[2026-02-23T16:11:55.014+0000] {standard_task_runner.py:91} INFO - Job 2: Subtask calculate_daily_metrics
[2026-02-23T16:11:55.175+0000] {task_command.py:426} INFO - Running <TaskInstance: support_daily_analytics.calculate_daily_metrics manual__2026-02-23T16:11:53.452459+00:00 [running]> on host 4a2d42d9005c
[2026-02-23T16:11:55.356+0000] {taskinstance.py:2648} INFO - Exporting env vars: AIRFLOW_CTX_DAG_OWNER='support_team' AIRFLOW_CTX_DAG_ID='support_daily_analytics' AIRFLOW_CTX_TASK_ID='calculate_daily_metrics' AIRFLOW_CTX_EXECUTION_DATE='2026-02-23T16:11:53.452459+00:00' AIRFLOW_CTX_TRY_NUMBER='1' AIRFLOW_CTX_DAG_RUN_ID='manual__2026-02-23T16:11:53.452459+00:00'
[2026-02-23T16:11:55.357+0000] {taskinstance.py:430} INFO - ::endgroup::
[2026-02-23T16:11:55.409+0000] {taskinstance.py:441} INFO - ::group::Post task execution logs
[2026-02-23T16:11:55.433+0000] {taskinstance.py:2905} ERROR - Task failed with exception
Traceback (most recent call last):
  File "/home/airflow/.local/lib/python3.12/site-packages/airflow/models/taskinstance.py", line 465, in _execute_task
    result = _execute_callable(context=context, **execute_callable_kwargs)
             ^^^^^^^^^^^^^^^^^^^^^^^^^^^^^^^^^^^^^^^^^^^^^^^^^^^^^^^^^^^^^
  File "/home/airflow/.local/lib/python3.12/site-packages/airflow/models/taskinstance.py", line 432, in _execute_callable
    return execute_callable(context=context, **execute_callable_kwargs)
           ^^^^^^^^^^^^^^^^^^^^^^^^^^^^^^^^^^^^^^^^^^^^^^^^^^^^^^^^^^^^
  File "/home/airflow/.local/lib/python3.12/site-packages/airflow/models/baseoperator.py", line 401, in wrapper
    return func(self, *args, **kwargs)
           ^^^^^^^^^^^^^^^^^^^^^^^^^^^
  File "/home/airflow/.local/lib/python3.12/site-packages/airflow/operators/python.py", line 235, in execute
    return_value = self.execute_callable()
                   ^^^^^^^^^^^^^^^^^^^^^^^
  File "/home/airflow/.local/lib/python3.12/site-packages/airflow/operators/python.py", line 252, in execute_callable
    return self.python_callable(*self.op_args, **self.op_kwargs)
           ^^^^^^^^^^^^^^^^^^^^^^^^^^^^^^^^^^^^^^^^^^^^^^^^^^^^^
  File "/opt/airflow/dags/daily_analytics_dag.py", line 16, in calculate_daily_metrics
    conn = hook.get_conn()
           ^^^^^^^^^^^^^^^
  File "/home/airflow/.local/lib/python3.12/site-packages/airflow/providers/postgres/hooks/postgres.py", line 145, in get_conn
    conn = deepcopy(self.connection or self.get_connection(conn_id))
                                       ^^^^^^^^^^^^^^^^^^^^^^^^^^^^
  File "/home/airflow/.local/lib/python3.12/site-packages/airflow/hooks/base.py", line 83, in get_connection
    conn = Connection.get_connection_from_secrets(conn_id)
           ^^^^^^^^^^^^^^^^^^^^^^^^^^^^^^^^^^^^^^^^^^^^^^^
  File "/home/airflow/.local/lib/python3.12/site-packages/airflow/models/connection.py", line 519, in get_connection_from_secrets
    raise AirflowNotFoundException(f"The conn_id `{conn_id}` isn't defined")
airflow.exceptions.AirflowNotFoundException: The conn_id `postgres_support` isn't defined
[2026-02-23T16:11:55.448+0000] {taskinstance.py:1206} INFO - Marking task as UP_FOR_RETRY. dag_id=support_daily_analytics, task_id=calculate_daily_metrics, run_id=manual__2026-02-23T16:11:53.452459+00:00, execution_date=20260223T161153, start_date=20260223T161154, end_date=20260223T161155
[2026-02-23T16:11:55.463+0000] {standard_task_runner.py:110} ERROR - Failed to execute job 2 for task calculate_daily_metrics (The conn_id `postgres_support` isn't defined; 387)
[2026-02-23T16:11:55.473+0000] {local_task_job_runner.py:243} INFO - Task exited with return code 1
[2026-02-23T16:11:55.482+0000] {logging_mixin.py:188} WARNING - /home/***/.local/lib/python3.12/site-packages/***/models/baseoperator.py:1297 AirflowProviderDeprecationWarning: Call to deprecated class PostgresOperator. (Please use `***.providers.common.sql.operators.sql.SQLExecuteQueryOperator`.Also, you can provide `hook_params={'schema': <database>}`.)
[2026-02-23T16:11:55.487+0000] {taskinstance.py:3503} INFO - 0 downstream tasks scheduled from follow-on schedule check
[2026-02-23T16:11:55.488+0000] {local_task_job_runner.py:222} INFO - ::endgroup::
