[2026-02-23T20:54:20.683+0000] {local_task_job_runner.py:120} INFO - ::group::Pre task execution logs
[2026-02-23T20:54:20.703+0000] {taskinstance.py:2076} INFO - Dependencies all met for dep_context=non-requeueable deps ti=<TaskInstance: support_daily_analytics.generate_daily_report manual__2026-02-23T20:54:18.834806+00:00 [queued]>
[2026-02-23T20:54:20.706+0000] {taskinstance.py:2076} INFO - Dependencies all met for dep_context=requeueable deps ti=<TaskInstance: support_daily_analytics.generate_daily_report manual__2026-02-23T20:54:18.834806+00:00 [queued]>
[2026-02-23T20:54:20.706+0000] {taskinstance.py:2306} INFO - Starting attempt 1 of 2
[2026-02-23T20:54:20.710+0000] {taskinstance.py:2330} INFO - Executing <Task(PostgresOperator): generate_daily_report> on 2026-02-23 20:54:18.834806+00:00
[2026-02-23T20:54:20.716+0000] {logging_mixin.py:188} WARNING - /home/***/.local/lib/python3.12/site-packages/***/task/task_runner/standard_task_runner.py:62 DeprecationWarning: This process (pid=746) is multi-threaded, use of fork() may lead to deadlocks in the child.
[2026-02-23T20:54:20.716+0000] {standard_task_runner.py:64} INFO - Started process 747 to run task
[2026-02-23T20:54:20.716+0000] {standard_task_runner.py:90} INFO - Running: ['***', 'tasks', 'run', 'support_daily_analytics', 'generate_daily_report', 'manual__2026-02-23T20:54:18.834806+00:00', '--job-id', '13', '--raw', '--subdir', 'DAGS_FOLDER/daily_analytics_dag.py', '--cfg-path', '/tmp/tmpezu0p7ty']
[2026-02-23T20:54:20.717+0000] {standard_task_runner.py:91} INFO - Job 13: Subtask generate_daily_report
[2026-02-23T20:54:20.751+0000] {task_command.py:426} INFO - Running <TaskInstance: support_daily_analytics.generate_daily_report manual__2026-02-23T20:54:18.834806+00:00 [running]> on host 5987a9aab3ce
[2026-02-23T20:54:20.806+0000] {taskinstance.py:2648} INFO - Exporting env vars: AIRFLOW_CTX_DAG_OWNER='support_team' AIRFLOW_CTX_DAG_ID='support_daily_analytics' AIRFLOW_CTX_TASK_ID='generate_daily_report' AIRFLOW_CTX_EXECUTION_DATE='2026-02-23T20:54:18.834806+00:00' AIRFLOW_CTX_TRY_NUMBER='1' AIRFLOW_CTX_DAG_RUN_ID='manual__2026-02-23T20:54:18.834806+00:00'
[2026-02-23T20:54:20.809+0000] {taskinstance.py:430} INFO - ::endgroup::
[2026-02-23T20:54:20.827+0000] {sql.py:282} INFO - Executing: 
            SELECT date, total_tickets, urgent_tickets,
            ROUND(avg_sentiment_score,2) as avg_sentiment,
            top_category
            FROM daily_analytics
            WHERE date = CURRENT_DATE - INTERVAL '1 day'
            
[2026-02-23T20:54:20.860+0000] {base.py:84} INFO - Using connection ID '***_support' for task execution.
[2026-02-23T20:54:20.873+0000] {base.py:84} INFO - Using connection ID '***_support' for task execution.
[2026-02-23T20:54:20.878+0000] {sql.py:495} INFO - Running statement: 
            SELECT date, total_tickets, urgent_tickets,
            ROUND(avg_sentiment_score,2) as avg_sentiment,
            top_category
            FROM daily_analytics
            WHERE date = CURRENT_DATE - INTERVAL '1 day'
            , parameters: None
[2026-02-23T20:54:20.882+0000] {sql.py:504} INFO - Rows affected: 1
[2026-02-23T20:54:20.882+0000] {taskinstance.py:441} INFO - ::group::Post task execution logs
[2026-02-23T20:54:20.935+0000] {taskinstance.py:1206} INFO - Marking task as SUCCESS. dag_id=support_daily_analytics, task_id=generate_daily_report, run_id=manual__2026-02-23T20:54:18.834806+00:00, execution_date=20260223T205418, start_date=20260223T205420, end_date=20260223T205420
[2026-02-23T20:54:20.971+0000] {local_task_job_runner.py:243} INFO - Task exited with return code 0
[2026-02-23T20:54:20.983+0000] {taskinstance.py:3503} INFO - 0 downstream tasks scheduled from follow-on schedule check
[2026-02-23T20:54:20.983+0000] {local_task_job_runner.py:222} INFO - ::endgroup::
