[2026-02-23T21:04:47.833+0000] {local_task_job_runner.py:120} INFO - ::group::Pre task execution logs
[2026-02-23T21:04:47.849+0000] {taskinstance.py:2076} INFO - Dependencies all met for dep_context=non-requeueable deps ti=<TaskInstance: support_daily_analytics.generate_daily_report manual__2026-02-23T21:04:45.785916+00:00 [queued]>
[2026-02-23T21:04:47.852+0000] {taskinstance.py:2076} INFO - Dependencies all met for dep_context=requeueable deps ti=<TaskInstance: support_daily_analytics.generate_daily_report manual__2026-02-23T21:04:45.785916+00:00 [queued]>
[2026-02-23T21:04:47.852+0000] {taskinstance.py:2306} INFO - Starting attempt 1 of 2
[2026-02-23T21:04:47.856+0000] {taskinstance.py:2330} INFO - Executing <Task(PostgresOperator): generate_daily_report> on 2026-02-23 21:04:45.785916+00:00
[2026-02-23T21:04:47.861+0000] {standard_task_runner.py:90} INFO - Running: ['***', 'tasks', 'run', 'support_daily_analytics', 'generate_daily_report', 'manual__2026-02-23T21:04:45.785916+00:00', '--job-id', '17', '--raw', '--subdir', 'DAGS_FOLDER/daily_analytics_dag.py', '--cfg-path', '/tmp/tmp9jfz3xzr']
[2026-02-23T21:04:47.863+0000] {standard_task_runner.py:91} INFO - Job 17: Subtask generate_daily_report
[2026-02-23T21:04:47.866+0000] {logging_mixin.py:188} WARNING - /home/***/.local/lib/python3.12/site-packages/***/task/task_runner/standard_task_runner.py:62 DeprecationWarning: This process (pid=874) is multi-threaded, use of fork() may lead to deadlocks in the child.
[2026-02-23T21:04:47.867+0000] {standard_task_runner.py:64} INFO - Started process 875 to run task
[2026-02-23T21:04:47.893+0000] {task_command.py:426} INFO - Running <TaskInstance: support_daily_analytics.generate_daily_report manual__2026-02-23T21:04:45.785916+00:00 [running]> on host 5987a9aab3ce
[2026-02-23T21:04:47.939+0000] {taskinstance.py:2648} INFO - Exporting env vars: AIRFLOW_CTX_DAG_OWNER='support_team' AIRFLOW_CTX_DAG_ID='support_daily_analytics' AIRFLOW_CTX_TASK_ID='generate_daily_report' AIRFLOW_CTX_EXECUTION_DATE='2026-02-23T21:04:45.785916+00:00' AIRFLOW_CTX_TRY_NUMBER='1' AIRFLOW_CTX_DAG_RUN_ID='manual__2026-02-23T21:04:45.785916+00:00'
[2026-02-23T21:04:47.939+0000] {taskinstance.py:430} INFO - ::endgroup::
[2026-02-23T21:04:47.944+0000] {sql.py:282} INFO - Executing: 
            SELECT date, total_tickets, urgent_tickets,
            ROUND(avg_sentiment_score,2) as avg_sentiment,
            top_category
            FROM daily_analytics
            WHERE date = CURRENT_DATE - INTERVAL '1 day'
            
[2026-02-23T21:04:47.956+0000] {base.py:84} INFO - Using connection ID '***_support' for task execution.
[2026-02-23T21:04:47.965+0000] {base.py:84} INFO - Using connection ID '***_support' for task execution.
[2026-02-23T21:04:47.971+0000] {sql.py:495} INFO - Running statement: 
            SELECT date, total_tickets, urgent_tickets,
            ROUND(avg_sentiment_score,2) as avg_sentiment,
            top_category
            FROM daily_analytics
            WHERE date = CURRENT_DATE - INTERVAL '1 day'
            , parameters: None
[2026-02-23T21:04:47.973+0000] {sql.py:504} INFO - Rows affected: 1
[2026-02-23T21:04:47.973+0000] {taskinstance.py:441} INFO - ::group::Post task execution logs
[2026-02-23T21:04:47.989+0000] {taskinstance.py:1206} INFO - Marking task as SUCCESS. dag_id=support_daily_analytics, task_id=generate_daily_report, run_id=manual__2026-02-23T21:04:45.785916+00:00, execution_date=20260223T210445, start_date=20260223T210447, end_date=20260223T210447
[2026-02-23T21:04:48.000+0000] {local_task_job_runner.py:243} INFO - Task exited with return code 0
[2026-02-23T21:04:48.010+0000] {taskinstance.py:3503} INFO - 0 downstream tasks scheduled from follow-on schedule check
[2026-02-23T21:04:48.011+0000] {local_task_job_runner.py:222} INFO - ::endgroup::
