[2026-02-23T21:13:46.131+0000] {local_task_job_runner.py:120} INFO - ::group::Pre task execution logs
[2026-02-23T21:13:46.159+0000] {taskinstance.py:2076} INFO - Dependencies all met for dep_context=non-requeueable deps ti=<TaskInstance: support_daily_analytics.calculate_daily_metrics manual__2026-02-23T21:08:44.349743+00:00 [queued]>
[2026-02-23T21:13:46.162+0000] {taskinstance.py:2076} INFO - Dependencies all met for dep_context=requeueable deps ti=<TaskInstance: support_daily_analytics.calculate_daily_metrics manual__2026-02-23T21:08:44.349743+00:00 [queued]>
[2026-02-23T21:13:46.162+0000] {taskinstance.py:2306} INFO - Starting attempt 2 of 2
[2026-02-23T21:13:46.167+0000] {taskinstance.py:2330} INFO - Executing <Task(PythonOperator): calculate_daily_metrics> on 2026-02-23 21:08:44.349743+00:00
[2026-02-23T21:13:46.175+0000] {logging_mixin.py:188} WARNING - /home/***/.local/lib/python3.12/site-packages/***/task/task_runner/standard_task_runner.py:62 DeprecationWarning: This process (pid=1026) is multi-threaded, use of fork() may lead to deadlocks in the child.
[2026-02-23T21:13:46.175+0000] {standard_task_runner.py:64} INFO - Started process 1027 to run task
[2026-02-23T21:13:46.174+0000] {standard_task_runner.py:90} INFO - Running: ['***', 'tasks', 'run', 'support_daily_analytics', 'calculate_daily_metrics', 'manual__2026-02-23T21:08:44.349743+00:00', '--job-id', '23', '--raw', '--subdir', 'DAGS_FOLDER/daily_analytics_dag.py', '--cfg-path', '/tmp/tmpsc0shvib']
[2026-02-23T21:13:46.175+0000] {standard_task_runner.py:91} INFO - Job 23: Subtask calculate_daily_metrics
[2026-02-23T21:13:46.209+0000] {task_command.py:426} INFO - Running <TaskInstance: support_daily_analytics.calculate_daily_metrics manual__2026-02-23T21:08:44.349743+00:00 [running]> on host 5987a9aab3ce
[2026-02-23T21:13:46.277+0000] {taskinstance.py:2648} INFO - Exporting env vars: AIRFLOW_CTX_DAG_OWNER='support_team' AIRFLOW_CTX_DAG_ID='support_daily_analytics' AIRFLOW_CTX_TASK_ID='calculate_daily_metrics' AIRFLOW_CTX_EXECUTION_DATE='2026-02-23T21:08:44.349743+00:00' AIRFLOW_CTX_TRY_NUMBER='2' AIRFLOW_CTX_DAG_RUN_ID='manual__2026-02-23T21:08:44.349743+00:00'
[2026-02-23T21:13:46.281+0000] {taskinstance.py:430} INFO - ::endgroup::
[2026-02-23T21:13:46.353+0000] {base.py:84} INFO - Using connection ID '***_support' for task execution.
[2026-02-23T21:13:46.383+0000] {logging_mixin.py:188} INFO - Inserted/updated: (datetime.date(2026, 2, 23), 0, None)
[2026-02-23T21:13:46.383+0000] {logging_mixin.py:188} INFO - Daily metrics calculated for 2026-02-23
[2026-02-23T21:13:46.384+0000] {python.py:237} INFO - Done. Returned value was: None
[2026-02-23T21:13:46.384+0000] {taskinstance.py:441} INFO - ::group::Post task execution logs
[2026-02-23T21:13:46.395+0000] {taskinstance.py:1206} INFO - Marking task as SUCCESS. dag_id=support_daily_analytics, task_id=calculate_daily_metrics, run_id=manual__2026-02-23T21:08:44.349743+00:00, execution_date=20260223T210844, start_date=20260223T211346, end_date=20260223T211346
[2026-02-23T21:13:46.429+0000] {local_task_job_runner.py:243} INFO - Task exited with return code 0
[2026-02-23T21:13:46.439+0000] {logging_mixin.py:188} WARNING - /home/***/.local/lib/python3.12/site-packages/***/models/baseoperator.py:1297 AirflowProviderDeprecationWarning: Call to deprecated class PostgresOperator. (Please use `***.providers.common.sql.operators.sql.SQLExecuteQueryOperator`.Also, you can provide `hook_params={'schema': <database>}`.)
[2026-02-23T21:13:46.443+0000] {taskinstance.py:3503} INFO - 1 downstream tasks scheduled from follow-on schedule check
[2026-02-23T21:13:46.444+0000] {local_task_job_runner.py:222} INFO - ::endgroup::
